Archive member included to satisfy reference by file (symbol)

/home/gastd/Ac6/SystemWorkbench/plugins/fr.ac6.mcu.externaltools.arm-none.linux64_1.16.0.201807130628/tools/compiler/bin/../lib/gcc/arm-none-eabi/7.2.1/../../../../arm-none-eabi/lib/thumb/v7-m/libc_nano.a(lib_a-exit.o)
                              /home/gastd/Ac6/SystemWorkbench/plugins/fr.ac6.mcu.externaltools.arm-none.linux64_1.16.0.201807130628/tools/compiler/bin/../lib/gcc/arm-none-eabi/7.2.1/../../../../arm-none-eabi/lib/thumb/v7-m/crt0.o (exit)
/home/gastd/Ac6/SystemWorkbench/plugins/fr.ac6.mcu.externaltools.arm-none.linux64_1.16.0.201807130628/tools/compiler/bin/../lib/gcc/arm-none-eabi/7.2.1/../../../../arm-none-eabi/lib/thumb/v7-m/libc_nano.a(lib_a-impure.o)
                              /home/gastd/Ac6/SystemWorkbench/plugins/fr.ac6.mcu.externaltools.arm-none.linux64_1.16.0.201807130628/tools/compiler/bin/../lib/gcc/arm-none-eabi/7.2.1/../../../../arm-none-eabi/lib/thumb/v7-m/libc_nano.a(lib_a-exit.o) (_global_impure_ptr)
/home/gastd/Ac6/SystemWorkbench/plugins/fr.ac6.mcu.externaltools.arm-none.linux64_1.16.0.201807130628/tools/compiler/bin/../lib/gcc/arm-none-eabi/7.2.1/../../../../arm-none-eabi/lib/thumb/v7-m/libc_nano.a(lib_a-init.o)
                              /home/gastd/Ac6/SystemWorkbench/plugins/fr.ac6.mcu.externaltools.arm-none.linux64_1.16.0.201807130628/tools/compiler/bin/../lib/gcc/arm-none-eabi/7.2.1/../../../../arm-none-eabi/lib/thumb/v7-m/crt0.o (__libc_init_array)
/home/gastd/Ac6/SystemWorkbench/plugins/fr.ac6.mcu.externaltools.arm-none.linux64_1.16.0.201807130628/tools/compiler/bin/../lib/gcc/arm-none-eabi/7.2.1/../../../../arm-none-eabi/lib/thumb/v7-m/libc_nano.a(lib_a-memcpy-stub.o)
                              Middlewares/Third_Party/FreeRTOS/Source/queue.o (memcpy)
/home/gastd/Ac6/SystemWorkbench/plugins/fr.ac6.mcu.externaltools.arm-none.linux64_1.16.0.201807130628/tools/compiler/bin/../lib/gcc/arm-none-eabi/7.2.1/../../../../arm-none-eabi/lib/thumb/v7-m/libc_nano.a(lib_a-memset.o)
                              /home/gastd/Ac6/SystemWorkbench/plugins/fr.ac6.mcu.externaltools.arm-none.linux64_1.16.0.201807130628/tools/compiler/bin/../lib/gcc/arm-none-eabi/7.2.1/../../../../arm-none-eabi/lib/thumb/v7-m/crt0.o (memset)
/home/gastd/Ac6/SystemWorkbench/plugins/fr.ac6.mcu.externaltools.arm-none.linux64_1.16.0.201807130628/tools/compiler/bin/../lib/gcc/arm-none-eabi/7.2.1/../../../../arm-none-eabi/lib/thumb/v7-m/libnosys.a(_exit.o)
                              /home/gastd/Ac6/SystemWorkbench/plugins/fr.ac6.mcu.externaltools.arm-none.linux64_1.16.0.201807130628/tools/compiler/bin/../lib/gcc/arm-none-eabi/7.2.1/../../../../arm-none-eabi/lib/thumb/v7-m/libc_nano.a(lib_a-exit.o) (_exit)

Allocating common symbols
Common symbol       size              file

hUsbDeviceFS        0x224             Src/usb_device.o
defaultTaskHandle   0x4               Src/main.o
huart3              0x40              Src/main.o
hi2c1               0x54              Src/main.o
uwTick              0x4               Drivers/STM32F1xx_HAL_Driver/Src/stm32f1xx_hal.o
xQueueRegistry      0x40              Middlewares/Third_Party/FreeRTOS/Source/queue.o
pFlash              0x20              Drivers/STM32F1xx_HAL_Driver/Src/stm32f1xx_hal_flash.o
UserRxBufferFS      0x3e8             Src/usbd_cdc_if.o
memsenseBuffer      0x3e8             Src/main.o
huart1              0x40              Src/main.o
UserTxBufferFS      0x3e8             Src/usbd_cdc_if.o
novatelBuffer       0x3e8             Src/main.o
htim1               0x40              Src/stm32f1xx_hal_timebase_TIM.o
huart2              0x40              Src/main.o
hpcd_USB_FS         0x460             Src/usbd_conf.o
USBD_StrDesc        0x200             Src/usbd_desc.o
mpu6050Buffer       0x3e8             Src/main.o

Discarded input sections

 .text          0x0000000000000000        0x0 /home/gastd/Ac6/SystemWorkbench/plugins/fr.ac6.mcu.externaltools.arm-none.linux64_1.16.0.201807130628/tools/compiler/bin/../lib/gcc/arm-none-eabi/7.2.1/thumb/v7-m/crti.o
 .data          0x0000000000000000        0x0 /home/gastd/Ac6/SystemWorkbench/plugins/fr.ac6.mcu.externaltools.arm-none.linux64_1.16.0.201807130628/tools/compiler/bin/../lib/gcc/arm-none-eabi/7.2.1/thumb/v7-m/crti.o
 .bss           0x0000000000000000        0x0 /home/gastd/Ac6/SystemWorkbench/plugins/fr.ac6.mcu.externaltools.arm-none.linux64_1.16.0.201807130628/tools/compiler/bin/../lib/gcc/arm-none-eabi/7.2.1/thumb/v7-m/crti.o
 .data          0x0000000000000000        0x4 /home/gastd/Ac6/SystemWorkbench/plugins/fr.ac6.mcu.externaltools.arm-none.linux64_1.16.0.201807130628/tools/compiler/bin/../lib/gcc/arm-none-eabi/7.2.1/thumb/v7-m/crtbegin.o
 .text          0x0000000000000000       0x74 /home/gastd/Ac6/SystemWorkbench/plugins/fr.ac6.mcu.externaltools.arm-none.linux64_1.16.0.201807130628/tools/compiler/bin/../lib/gcc/arm-none-eabi/7.2.1/../../../../arm-none-eabi/lib/thumb/v7-m/crt0.o
[...]
Memory Configuration

Name             Origin             Length             Attributes
RAM              0x0000000020000000 0x0000000000005000 xrw
FLASH            0x0000000008000000 0x0000000000010000 xr
*default*        0x0000000000000000 0xffffffffffffffff

Linker script and memory map

LOAD /home/gastd/Ac6/SystemWorkbench/plugins/fr.ac6.mcu.externaltools.arm-none.linux64_1.16.0.201807130628/tools/compiler/bin/../lib/gcc/arm-none-eabi/7.2.1/thumb/v7-m/crti.o
LOAD /home/gastd/Ac6/SystemWorkbench/plugins/fr.ac6.mcu.externaltools.arm-none.linux64_1.16.0.201807130628/tools/compiler/bin/../lib/gcc/arm-none-eabi/7.2.1/thumb/v7-m/crtbegin.o
LOAD /home/gastd/Ac6/SystemWorkbench/plugins/fr.ac6.mcu.externaltools.arm-none.linux64_1.16.0.201807130628/tools/compiler/bin/../lib/gcc/arm-none-eabi/7.2.1/../../../../arm-none-eabi/lib/thumb/v7-m/crt0.o
LOAD Drivers/STM32F1xx_HAL_Driver/Src/stm32f1xx_hal.o
LOAD Drivers/STM32F1xx_HAL_Driver/Src/stm32f1xx_hal_cortex.o
LOAD Drivers/STM32F1xx_HAL_Driver/Src/stm32f1xx_hal_dma.o
LOAD Drivers/STM32F1xx_HAL_Driver/Src/stm32f1xx_hal_flash.o
LOAD Drivers/STM32F1xx_HAL_Driver/Src/stm32f1xx_hal_flash_ex.o
LOAD Drivers/STM32F1xx_HAL_Driver/Src/stm32f1xx_hal_gpio.o
LOAD Drivers/STM32F1xx_HAL_Driver/Src/stm32f1xx_hal_gpio_ex.o
LOAD Drivers/STM32F1xx_HAL_Driver/Src/stm32f1xx_hal_i2c.o
LOAD Drivers/STM32F1xx_HAL_Driver/Src/stm32f1xx_hal_pcd.o
LOAD Drivers/STM32F1xx_HAL_Driver/Src/stm32f1xx_hal_pcd_ex.o
LOAD Drivers/STM32F1xx_HAL_Driver/Src/stm32f1xx_hal_pwr.o
LOAD Drivers/STM32F1xx_HAL_Driver/Src/stm32f1xx_hal_rcc.o
LOAD Drivers/STM32F1xx_HAL_Driver/Src/stm32f1xx_hal_rcc_ex.o
LOAD Drivers/STM32F1xx_HAL_Driver/Src/stm32f1xx_hal_tim.o
LOAD Drivers/STM32F1xx_HAL_Driver/Src/stm32f1xx_hal_tim_ex.o
LOAD Drivers/STM32F1xx_HAL_Driver/Src/stm32f1xx_hal_uart.o
LOAD Drivers/STM32F1xx_HAL_Driver/Src/stm32f1xx_ll_usb.o
LOAD Middlewares/ST/STM32_USB_Device_Library/Class/CDC/Src/usbd_cdc.o
LOAD Middlewares/ST/STM32_USB_Device_Library/Core/Src/usbd_core.o
LOAD Middlewares/ST/STM32_USB_Device_Library/Core/Src/usbd_ctlreq.o
LOAD Middlewares/ST/STM32_USB_Device_Library/Core/Src/usbd_ioreq.o
LOAD Middlewares/Third_Party/FreeRTOS/Source/CMSIS_RTOS/cmsis_os.o
LOAD Middlewares/Third_Party/FreeRTOS/Source/croutine.o
LOAD Middlewares/Third_Party/FreeRTOS/Source/event_groups.o
LOAD Middlewares/Third_Party/FreeRTOS/Source/list.o
LOAD Middlewares/Third_Party/FreeRTOS/Source/queue.o
LOAD Middlewares/Third_Party/FreeRTOS/Source/tasks.o
LOAD Middlewares/Third_Party/FreeRTOS/Source/timers.o
LOAD Middlewares/Third_Party/FreeRTOS/Source/portable/GCC/ARM_CM3/port.o
LOAD Middlewares/Third_Party/FreeRTOS/Source/portable/MemMang/heap_4.o
LOAD Src/freertos.o
LOAD Src/main.o
LOAD Src/stm32f1xx_hal_msp.o
LOAD Src/stm32f1xx_hal_timebase_TIM.o
LOAD Src/stm32f1xx_it.o
LOAD Src/system_stm32f1xx.o
LOAD Src/usb_device.o
LOAD Src/usbd_cdc_if.o
LOAD Src/usbd_conf.o
LOAD Src/usbd_desc.o
LOAD startup/startup_stm32f103xb.o
LOAD /home/gastd/Ac6/SystemWorkbench/plugins/fr.ac6.mcu.externaltools.arm-none.linux64_1.16.0.201807130628/tools/compiler/bin/../lib/gcc/arm-none-eabi/7.2.1/../../../../arm-none-eabi/lib/thumb/v7-m/libm.a
START GROUP
LOAD /home/gastd/Ac6/SystemWorkbench/plugins/fr.ac6.mcu.externaltools.arm-none.linux64_1.16.0.201807130628/tools/compiler/bin/../lib/gcc/arm-none-eabi/7.2.1/thumb/v7-m/libgcc.a
LOAD /home/gastd/Ac6/SystemWorkbench/plugins/fr.ac6.mcu.externaltools.arm-none.linux64_1.16.0.201807130628/tools/compiler/bin/../lib/gcc/arm-none-eabi/7.2.1/../../../../arm-none-eabi/lib/thumb/v7-m/libc_nano.a
END GROUP
START GROUP
LOAD /home/gastd/Ac6/SystemWorkbench/plugins/fr.ac6.mcu.externaltools.arm-none.linux64_1.16.0.201807130628/tools/compiler/bin/../lib/gcc/arm-none-eabi/7.2.1/thumb/v7-m/libgcc.a
LOAD /home/gastd/Ac6/SystemWorkbench/plugins/fr.ac6.mcu.externaltools.arm-none.linux64_1.16.0.201807130628/tools/compiler/bin/../lib/gcc/arm-none-eabi/7.2.1/../../../../arm-none-eabi/lib/thumb/v7-m/libc_nano.a
LOAD /home/gastd/Ac6/SystemWorkbench/plugins/fr.ac6.mcu.externaltools.arm-none.linux64_1.16.0.201807130628/tools/compiler/bin/../lib/gcc/arm-none-eabi/7.2.1/../../../../arm-none-eabi/lib/thumb/v7-m/libnosys.a
END GROUP
START GROUP
LOAD /home/gastd/Ac6/SystemWorkbench/plugins/fr.ac6.mcu.externaltools.arm-none.linux64_1.16.0.201807130628/tools/compiler/bin/../lib/gcc/arm-none-eabi/7.2.1/thumb/v7-m/libgcc.a
LOAD /home/gastd/Ac6/SystemWorkbench/plugins/fr.ac6.mcu.externaltools.arm-none.linux64_1.16.0.201807130628/tools/compiler/bin/../lib/gcc/arm-none-eabi/7.2.1/../../../../arm-none-eabi/lib/thumb/v7-m/libc_nano.a
LOAD /home/gastd/Ac6/SystemWorkbench/plugins/fr.ac6.mcu.externaltools.arm-none.linux64_1.16.0.201807130628/tools/compiler/bin/../lib/gcc/arm-none-eabi/7.2.1/../../../../arm-none-eabi/lib/thumb/v7-m/libnosys.a
END GROUP
LOAD /home/gastd/Ac6/SystemWorkbench/plugins/fr.ac6.mcu.externaltools.arm-none.linux64_1.16.0.201807130628/tools/compiler/bin/../lib/gcc/arm-none-eabi/7.2.1/thumb/v7-m/crtend.o
LOAD /home/gastd/Ac6/SystemWorkbench/plugins/fr.ac6.mcu.externaltools.arm-none.linux64_1.16.0.201807130628/tools/compiler/bin/../lib/gcc/arm-none-eabi/7.2.1/thumb/v7-m/crtn.o
                0x0000000020005000                _estack = 0x20005000
                0x0000000000000200                _Min_Heap_Size = 0x200
                0x0000000000000400                _Min_Stack_Size = 0x400

.isr_vector     0x0000000008000000      0x10c
                0x0000000008000000                . = ALIGN (0x4)
 *(.isr_vector)
 .isr_vector    0x0000000008000000      0x10c startup/startup_stm32f103xb.o
                0x0000000008000000                g_pfnVectors
                0x000000000800010c                . = ALIGN (0x4)

.text           0x0000000008000110     0x42e8
                0x0000000008000110                . = ALIGN (0x4)
 *(.text)
 .text          0x0000000008000110       0x40 /home/gastd/Ac6/SystemWorkbench/plugins/fr.ac6.mcu.externaltools.arm-none.linux64_1.16.0.201807130628/tools/compiler/bin/../lib/gcc/arm-none-eabi/7.2.1/thumb/v7-m/crtbegin.o
 *(.text*)
 .text.HAL_Init
                0x0000000008000150       0x24 Drivers/STM32F1xx_HAL_Driver/Src/stm32f1xx_hal.o
                0x0000000008000150                HAL_Init
 .text.HAL_IncTick
                0x0000000008000174       0x18 Drivers/STM32F1xx_HAL_Driver/Src/stm32f1xx_hal.o
                0x0000000008000174                HAL_IncTick
 .text.HAL_GetTick
                0x000000000800018c        0xc Drivers/STM32F1xx_HAL_Driver/Src/stm32f1xx_hal.o
                0x000000000800018c                HAL_GetTick
 .text.HAL_NVIC_SetPriorityGrouping
                0x0000000008000198       0x24 Drivers/STM32F1xx_HAL_Driver/Src/stm32f1xx_hal_cortex.o
                0x0000000008000198                HAL_NVIC_SetPriorityGrouping
 .text.HAL_NVIC_SetPriority
                0x00000000080001bc       0x68 Drivers/STM32F1xx_HAL_Driver/Src/stm32f1xx_hal_cortex.o
                0x00000000080001bc                HAL_NVIC_SetPriority
 .text.HAL_NVIC_EnableIRQ
                0x0000000008000224       0x18 Drivers/STM32F1xx_HAL_Driver/Src/stm32f1xx_hal_cortex.o
                0x0000000008000224                HAL_NVIC_EnableIRQ
 .text.HAL_SYSTICK_Config
                0x000000000800023c       0x2c Drivers/STM32F1xx_HAL_Driver/Src/stm32f1xx_hal_cortex.o
                0x000000000800023c                HAL_SYSTICK_Config
 .text.HAL_SYSTICK_CLKSourceConfig
                0x0000000008000268       0x20 Drivers/STM32F1xx_HAL_Driver/Src/stm32f1xx_hal_cortex.o
                0x0000000008000268                HAL_SYSTICK_CLKSourceConfig
 .text.HAL_GPIO_Init
                0x0000000008000288      0x1d4 Drivers/STM32F1xx_HAL_Driver/Src/stm32f1xx_hal_gpio.o
                0x0000000008000288                HAL_GPIO_Init
 .text.HAL_I2C_Init
                0x000000000800045c      0x168 Drivers/STM32F1xx_HAL_Driver/Src/stm32f1xx_hal_i2c.o
                0x000000000800045c                HAL_I2C_Init
 .text.HAL_PCD_Init
                0x00000000080005c4       0xd6 Drivers/STM32F1xx_HAL_Driver/Src/stm32f1xx_hal_pcd.o
                0x00000000080005c4                HAL_PCD_Init
 .text.HAL_PCD_Start
                0x000000000800069a       0x2e Drivers/STM32F1xx_HAL_Driver/Src/stm32f1xx_hal_pcd.o
                0x000000000800069a                HAL_PCD_Start
 .text.HAL_PCD_SetAddress
                0x00000000080006c8       0x28 Drivers/STM32F1xx_HAL_Driver/Src/stm32f1xx_hal_pcd.o
                0x00000000080006c8                HAL_PCD_SetAddress
 .text.HAL_PCD_EP_Open
                0x00000000080006f0       0x52 Drivers/STM32F1xx_HAL_Driver/Src/stm32f1xx_hal_pcd.o
                0x00000000080006f0                HAL_PCD_EP_Open
 .text.HAL_PCD_EP_Close
                0x0000000008000742       0x4e Drivers/STM32F1xx_HAL_Driver/Src/stm32f1xx_hal_pcd.o
                0x0000000008000742                HAL_PCD_EP_Close
 .text.HAL_PCD_EP_Receive
                0x0000000008000790       0x3e Drivers/STM32F1xx_HAL_Driver/Src/stm32f1xx_hal_pcd.o
                0x0000000008000790                HAL_PCD_EP_Receive
 .text.HAL_PCD_EP_GetRxCount
                0x00000000080007ce        0xe Drivers/STM32F1xx_HAL_Driver/Src/stm32f1xx_hal_pcd.o
                0x00000000080007ce                HAL_PCD_EP_GetRxCount
 .text.HAL_PCD_EP_Transmit
                0x00000000080007dc       0x3c Drivers/STM32F1xx_HAL_Driver/Src/stm32f1xx_hal_pcd.o
                0x00000000080007dc                HAL_PCD_EP_Transmit
 .text.PCD_EP_ISR_Handler
                0x0000000008000818      0x444 Drivers/STM32F1xx_HAL_Driver/Src/stm32f1xx_hal_pcd.o
 .text.HAL_PCD_IRQHandler
                0x0000000008000c5c      0x160 Drivers/STM32F1xx_HAL_Driver/Src/stm32f1xx_hal_pcd.o
                0x0000000008000c5c                HAL_PCD_IRQHandler
 .text.HAL_PCD_EP_SetStall
                0x0000000008000dbc       0x5c Drivers/STM32F1xx_HAL_Driver/Src/stm32f1xx_hal_pcd.o
                0x0000000008000dbc                HAL_PCD_EP_SetStall
 .text.HAL_PCD_EP_ClrStall
                0x0000000008000e18       0x4e Drivers/STM32F1xx_HAL_Driver/Src/stm32f1xx_hal_pcd.o
                0x0000000008000e18                HAL_PCD_EP_ClrStall
 .text.HAL_PCDEx_PMAConfig
                0x0000000008000e66       0x30 Drivers/STM32F1xx_HAL_Driver/Src/stm32f1xx_hal_pcd_ex.o
                0x0000000008000e66                HAL_PCDEx_PMAConfig
 *fill*         0x0000000008000e96        0x2 
 .text.RCC_Delay
                0x0000000008000e98       0x2c Drivers/STM32F1xx_HAL_Driver/Src/stm32f1xx_hal_rcc.o
 .text.HAL_RCC_OscConfig
                0x0000000008000ec4      0x3dc Drivers/STM32F1xx_HAL_Driver/Src/stm32f1xx_hal_rcc.o
                0x0000000008000ec4                HAL_RCC_OscConfig
 .text.HAL_RCC_GetSysClockFreq
                0x00000000080012a0       0x70 Drivers/STM32F1xx_HAL_Driver/Src/stm32f1xx_hal_rcc.o
                0x00000000080012a0                HAL_RCC_GetSysClockFreq
 .text.HAL_RCC_ClockConfig
                0x0000000008001310      0x178 Drivers/STM32F1xx_HAL_Driver/Src/stm32f1xx_hal_rcc.o
                0x0000000008001310                HAL_RCC_ClockConfig
 .text.HAL_RCC_GetHCLKFreq
                0x0000000008001488        0xc Drivers/STM32F1xx_HAL_Driver/Src/stm32f1xx_hal_rcc.o
                0x0000000008001488                HAL_RCC_GetHCLKFreq
 .text.HAL_RCC_GetPCLK1Freq
                0x0000000008001494       0x20 Drivers/STM32F1xx_HAL_Driver/Src/stm32f1xx_hal_rcc.o
                0x0000000008001494                HAL_RCC_GetPCLK1Freq
 .text.HAL_RCC_GetPCLK2Freq
                0x00000000080014b4       0x20 Drivers/STM32F1xx_HAL_Driver/Src/stm32f1xx_hal_rcc.o
                0x00000000080014b4                HAL_RCC_GetPCLK2Freq
 .text.HAL_RCC_GetClockConfig
                0x00000000080014d4       0x3c Drivers/STM32F1xx_HAL_Driver/Src/stm32f1xx_hal_rcc.o
                0x00000000080014d4                HAL_RCC_GetClockConfig
 .text.HAL_RCCEx_PeriphCLKConfig
                0x0000000008001510      0x114 Drivers/STM32F1xx_HAL_Driver/Src/stm32f1xx_hal_rcc_ex.o
                0x0000000008001510                HAL_RCCEx_PeriphCLKConfig
 .text.HAL_TIM_Base_MspInit
                0x0000000008001624        0x2 Drivers/STM32F1xx_HAL_Driver/Src/stm32f1xx_hal_tim.o
                0x0000000008001624                HAL_TIM_Base_MspInit
 .text.HAL_TIM_Base_Start_IT
                0x0000000008001626       0x18 Drivers/STM32F1xx_HAL_Driver/Src/stm32f1xx_hal_tim.o
                0x0000000008001626                HAL_TIM_Base_Start_IT
 .text.HAL_TIM_OC_DelayElapsedCallback
                0x000000000800163e        0x2 Drivers/STM32F1xx_HAL_Driver/Src/stm32f1xx_hal_tim.o
                0x000000000800163e                HAL_TIM_OC_DelayElapsedCallback
 .text.HAL_TIM_IC_CaptureCallback
                0x0000000008001640        0x2 Drivers/STM32F1xx_HAL_Driver/Src/stm32f1xx_hal_tim.o
                0x0000000008001640                HAL_TIM_IC_CaptureCallback
 .text.HAL_TIM_PWM_PulseFinishedCallback
                0x0000000008001642        0x2 Drivers/STM32F1xx_HAL_Driver/Src/stm32f1xx_hal_tim.o
                0x0000000008001642                HAL_TIM_PWM_PulseFinishedCallback
 .text.HAL_TIM_TriggerCallback
                0x0000000008001644        0x2 Drivers/STM32F1xx_HAL_Driver/Src/stm32f1xx_hal_tim.o
                0x0000000008001644                HAL_TIM_TriggerCallback
 .text.HAL_TIM_IRQHandler
                0x0000000008001646      0x17a Drivers/STM32F1xx_HAL_Driver/Src/stm32f1xx_hal_tim.o
                0x0000000008001646                HAL_TIM_IRQHandler
 .text.TIM_Base_SetConfig
                0x00000000080017c0       0x74 Drivers/STM32F1xx_HAL_Driver/Src/stm32f1xx_hal_tim.o
                0x00000000080017c0                TIM_Base_SetConfig
 .text.HAL_TIM_Base_Init
                0x0000000008001834       0x32 Drivers/STM32F1xx_HAL_Driver/Src/stm32f1xx_hal_tim.o
                0x0000000008001834                HAL_TIM_Base_Init
 .text.HAL_TIMEx_CommutationCallback
                0x0000000008001866        0x2 Drivers/STM32F1xx_HAL_Driver/Src/stm32f1xx_hal_tim_ex.o
                0x0000000008001866                HAL_TIMEx_CommutationCallback
 .text.HAL_TIMEx_BreakCallback
                0x0000000008001868        0x2 Drivers/STM32F1xx_HAL_Driver/Src/stm32f1xx_hal_tim_ex.o
                0x0000000008001868                HAL_TIMEx_BreakCallback
 *fill*         0x000000000800186a        0x2 
 .text.UART_SetConfig
                0x000000000800186c      0x1ac Drivers/STM32F1xx_HAL_Driver/Src/stm32f1xx_hal_uart.o
 .text.HAL_UART_Init
                0x0000000008001a18       0x5e Drivers/STM32F1xx_HAL_Driver/Src/stm32f1xx_hal_uart.o
                0x0000000008001a18                HAL_UART_Init
 .text.USB_CoreInit
                0x0000000008001a76        0xe Drivers/STM32F1xx_HAL_Driver/Src/stm32f1xx_ll_usb.o
                0x0000000008001a76                USB_CoreInit
 .text.USB_EnableGlobalInt
                0x0000000008001a84       0x10 Drivers/STM32F1xx_HAL_Driver/Src/stm32f1xx_ll_usb.o
                0x0000000008001a84                USB_EnableGlobalInt
 .text.USB_DisableGlobalInt
                0x0000000008001a94       0x14 Drivers/STM32F1xx_HAL_Driver/Src/stm32f1xx_ll_usb.o
                0x0000000008001a94                USB_DisableGlobalInt
 .text.USB_SetCurrentMode
                0x0000000008001aa8        0x4 Drivers/STM32F1xx_HAL_Driver/Src/stm32f1xx_ll_usb.o
                0x0000000008001aa8                USB_SetCurrentMode
 .text.USB_DevInit
                0x0000000008001aac       0x2c Drivers/STM32F1xx_HAL_Driver/Src/stm32f1xx_ll_usb.o
                0x0000000008001aac                USB_DevInit
 .text.USB_ActivateEndpoint
                0x0000000008001ad8      0x328 Drivers/STM32F1xx_HAL_Driver/Src/stm32f1xx_ll_usb.o
                0x0000000008001ad8                USB_ActivateEndpoint
 .text.USB_DeactivateEndpoint
                0x0000000008001e00      0x1c4 Drivers/STM32F1xx_HAL_Driver/Src/stm32f1xx_ll_usb.o
                0x0000000008001e00                USB_DeactivateEndpoint
 .text.USB_EPSetStall
                0x0000000008001fc4       0x6e Drivers/STM32F1xx_HAL_Driver/Src/stm32f1xx_ll_usb.o
                0x0000000008001fc4                USB_EPSetStall
 .text.USB_EPClearStall
                0x0000000008002032       0x92 Drivers/STM32F1xx_HAL_Driver/Src/stm32f1xx_ll_usb.o
                0x0000000008002032                USB_EPClearStall
 .text.USB_SetDevAddress
                0x00000000080020c4        0xc Drivers/STM32F1xx_HAL_Driver/Src/stm32f1xx_ll_usb.o
                0x00000000080020c4                USB_SetDevAddress
 .text.USB_DevConnect
                0x00000000080020d0        0x4 Drivers/STM32F1xx_HAL_Driver/Src/stm32f1xx_ll_usb.o
                0x00000000080020d0                USB_DevConnect
 .text.USB_DevDisconnect
                0x00000000080020d4        0x4 Drivers/STM32F1xx_HAL_Driver/Src/stm32f1xx_ll_usb.o
                0x00000000080020d4                USB_DevDisconnect
 .text.USB_ReadInterrupts
                0x00000000080020d8        0x6 Drivers/STM32F1xx_HAL_Driver/Src/stm32f1xx_ll_usb.o
                0x00000000080020d8                USB_ReadInterrupts
 .text.USB_EP0_OutStart
                0x00000000080020de        0x4 Drivers/STM32F1xx_HAL_Driver/Src/stm32f1xx_ll_usb.o
                0x00000000080020de                USB_EP0_OutStart
 .text.USB_WritePMA
                0x00000000080020e2       0x2a Drivers/STM32F1xx_HAL_Driver/Src/stm32f1xx_ll_usb.o
                0x00000000080020e2                USB_WritePMA
 .text.USB_EPStartXfer
                0x000000000800210c      0x2ba Drivers/STM32F1xx_HAL_Driver/Src/stm32f1xx_ll_usb.o
                0x000000000800210c                USB_EPStartXfer
 .text.USB_ReadPMA
                0x00000000080023c6       0x1e Drivers/STM32F1xx_HAL_Driver/Src/stm32f1xx_ll_usb.o
                0x00000000080023c6                USB_ReadPMA
 .text.USBD_CDC_DataIn
                0x00000000080023e4       0x12 Middlewares/ST/STM32_USB_Device_Library/Class/CDC/Src/usbd_cdc.o
 .text.USBD_CDC_EP0_RxReady
                0x00000000080023f6       0x28 Middlewares/ST/STM32_USB_Device_Library/Class/CDC/Src/usbd_cdc.o
 *fill*         0x000000000800241e        0x2 
 .text.USBD_CDC_GetFSCfgDesc
                0x0000000008002420        0xc Middlewares/ST/STM32_USB_Device_Library/Class/CDC/Src/usbd_cdc.o
 .text.USBD_CDC_GetHSCfgDesc
                0x000000000800242c        0xc Middlewares/ST/STM32_USB_Device_Library/Class/CDC/Src/usbd_cdc.o
 .text.USBD_CDC_GetOtherSpeedCfgDesc
                0x0000000008002438        0xc Middlewares/ST/STM32_USB_Device_Library/Class/CDC/Src/usbd_cdc.o
 .text.USBD_CDC_GetDeviceQualifierDescriptor
                0x0000000008002444        0xc Middlewares/ST/STM32_USB_Device_Library/Class/CDC/Src/usbd_cdc.o
                0x0000000008002444                USBD_CDC_GetDeviceQualifierDescriptor
 .text.USBD_CDC_DataOut
                0x0000000008002450       0x2e Middlewares/ST/STM32_USB_Device_Library/Class/CDC/Src/usbd_cdc.o
 *fill*         0x000000000800247e        0x2 
 .text.USBD_CDC_Setup
                0x0000000008002480       0x74 Middlewares/ST/STM32_USB_Device_Library/Class/CDC/Src/usbd_cdc.o
 .text.USBD_CDC_DeInit
                0x00000000080024f4       0x3a Middlewares/ST/STM32_USB_Device_Library/Class/CDC/Src/usbd_cdc.o
 .text.USBD_CDC_Init
                0x000000000800252e       0x96 Middlewares/ST/STM32_USB_Device_Library/Class/CDC/Src/usbd_cdc.o
 .text.USBD_CDC_RegisterInterface
                0x00000000080025c4        0xe Middlewares/ST/STM32_USB_Device_Library/Class/CDC/Src/usbd_cdc.o
                0x00000000080025c4                USBD_CDC_RegisterInterface
 .text.USBD_CDC_SetTxBuffer
                0x00000000080025d2       0x10 Middlewares/ST/STM32_USB_Device_Library/Class/CDC/Src/usbd_cdc.o
                0x00000000080025d2                USBD_CDC_SetTxBuffer
 .text.USBD_CDC_SetRxBuffer
                0x00000000080025e2        0xc Middlewares/ST/STM32_USB_Device_Library/Class/CDC/Src/usbd_cdc.o
                0x00000000080025e2                USBD_CDC_SetRxBuffer
 .text.USBD_CDC_ReceivePacket
                0x00000000080025ee       0x32 Middlewares/ST/STM32_USB_Device_Library/Class/CDC/Src/usbd_cdc.o
                0x00000000080025ee                USBD_CDC_ReceivePacket
 .text.USBD_Init
                0x0000000008002620       0x2e Middlewares/ST/STM32_USB_Device_Library/Core/Src/usbd_core.o
                0x0000000008002620                USBD_Init
 .text.USBD_RegisterClass
                0x000000000800264e        0xe Middlewares/ST/STM32_USB_Device_Library/Core/Src/usbd_core.o
                0x000000000800264e                USBD_RegisterClass
 .text.USBD_Start
                0x000000000800265c        0xa Middlewares/ST/STM32_USB_Device_Library/Core/Src/usbd_core.o
                0x000000000800265c                USBD_Start
 .text.USBD_SetClassConfig
                0x0000000008002666       0x1a Middlewares/ST/STM32_USB_Device_Library/Core/Src/usbd_core.o
                0x0000000008002666                USBD_SetClassConfig
 .text.USBD_ClrClassConfig
                0x0000000008002680        0xe Middlewares/ST/STM32_USB_Device_Library/Core/Src/usbd_core.o
                0x0000000008002680                USBD_ClrClassConfig
 .text.USBD_LL_SetupStage
                0x000000000800268e       0x5a Middlewares/ST/STM32_USB_Device_Library/Core/Src/usbd_core.o
                0x000000000800268e                USBD_LL_SetupStage
 .text.USBD_LL_DataOutStage
                0x00000000080026e8       0x6a Middlewares/ST/STM32_USB_Device_Library/Core/Src/usbd_core.o
                0x00000000080026e8                USBD_LL_DataOutStage
 .text.USBD_LL_DataInStage
                0x0000000008002752       0xb0 Middlewares/ST/STM32_USB_Device_Library/Core/Src/usbd_core.o
                0x0000000008002752                USBD_LL_DataInStage
 .text.USBD_LL_Reset
                0x0000000008002802       0x3e Middlewares/ST/STM32_USB_Device_Library/Core/Src/usbd_core.o
                0x0000000008002802                USBD_LL_Reset
 .text.USBD_LL_SetSpeed
                0x0000000008002840        0x6 Middlewares/ST/STM32_USB_Device_Library/Core/Src/usbd_core.o
                0x0000000008002840                USBD_LL_SetSpeed
 .text.USBD_LL_Suspend
                0x0000000008002846       0x12 Middlewares/ST/STM32_USB_Device_Library/Core/Src/usbd_core.o
                0x0000000008002846                USBD_LL_Suspend
 .text.USBD_LL_Resume
                0x0000000008002858        0xc Middlewares/ST/STM32_USB_Device_Library/Core/Src/usbd_core.o
                0x0000000008002858                USBD_LL_Resume
 .text.USBD_LL_SOF
                0x0000000008002864       0x1c Middlewares/ST/STM32_USB_Device_Library/Core/Src/usbd_core.o
                0x0000000008002864                USBD_LL_SOF
 .text.USBD_GetLen
                0x0000000008002880       0x14 Middlewares/ST/STM32_USB_Device_Library/Core/Src/usbd_ctlreq.o
 .text.USBD_SetFeature
                0x0000000008002894       0x20 Middlewares/ST/STM32_USB_Device_Library/Core/Src/usbd_ctlreq.o
 .text.USBD_ParseSetupRequest
                0x00000000080028b4       0x28 Middlewares/ST/STM32_USB_Device_Library/Core/Src/usbd_ctlreq.o
                0x00000000080028b4                USBD_ParseSetupRequest
 .text.USBD_CtlError
                0x00000000080028dc       0x14 Middlewares/ST/STM32_USB_Device_Library/Core/Src/usbd_ctlreq.o
                0x00000000080028dc                USBD_CtlError
 .text.USBD_GetDescriptor
                0x00000000080028f0      0x132 Middlewares/ST/STM32_USB_Device_Library/Core/Src/usbd_ctlreq.o
 .text.USBD_SetAddress
                0x0000000008002a22       0x4a Middlewares/ST/STM32_USB_Device_Library/Core/Src/usbd_ctlreq.o
 .text.USBD_SetConfig
                0x0000000008002a6c       0xa4 Middlewares/ST/STM32_USB_Device_Library/Core/Src/usbd_ctlreq.o
 .text.USBD_GetConfig
                0x0000000008002b10       0x3a Middlewares/ST/STM32_USB_Device_Library/Core/Src/usbd_ctlreq.o
 .text.USBD_GetStatus
                0x0000000008002b4a       0x2c Middlewares/ST/STM32_USB_Device_Library/Core/Src/usbd_ctlreq.o
 .text.USBD_ClrFeature
                0x0000000008002b76       0x30 Middlewares/ST/STM32_USB_Device_Library/Core/Src/usbd_ctlreq.o
 .text.USBD_StdDevReq
                0x0000000008002ba6       0x48 Middlewares/ST/STM32_USB_Device_Library/Core/Src/usbd_ctlreq.o
                0x0000000008002ba6                USBD_StdDevReq
 .text.USBD_StdItfReq
                0x0000000008002bee       0x38 Middlewares/ST/STM32_USB_Device_Library/Core/Src/usbd_ctlreq.o
                0x0000000008002bee                USBD_StdItfReq
 .text.USBD_StdEPReq
                0x0000000008002c26      0x118 Middlewares/ST/STM32_USB_Device_Library/Core/Src/usbd_ctlreq.o
                0x0000000008002c26                USBD_StdEPReq
 .text.USBD_GetString
                0x0000000008002d3e       0x3a Middlewares/ST/STM32_USB_Device_Library/Core/Src/usbd_ctlreq.o
                0x0000000008002d3e                USBD_GetString
 .text.USBD_CtlSendData
                0x0000000008002d78       0x1a Middlewares/ST/STM32_USB_Device_Library/Core/Src/usbd_ioreq.o
                0x0000000008002d78                USBD_CtlSendData
 .text.USBD_CtlContinueSendData
                0x0000000008002d92       0x10 Middlewares/ST/STM32_USB_Device_Library/Core/Src/usbd_ioreq.o
                0x0000000008002d92                USBD_CtlContinueSendData
 .text.USBD_CtlPrepareRx
                0x0000000008002da2       0x1e Middlewares/ST/STM32_USB_Device_Library/Core/Src/usbd_ioreq.o
                0x0000000008002da2                USBD_CtlPrepareRx
 .text.USBD_CtlContinueRx
                0x0000000008002dc0       0x10 Middlewares/ST/STM32_USB_Device_Library/Core/Src/usbd_ioreq.o
                0x0000000008002dc0                USBD_CtlContinueRx
 .text.USBD_CtlSendStatus
                0x0000000008002dd0       0x16 Middlewares/ST/STM32_USB_Device_Library/Core/Src/usbd_ioreq.o
                0x0000000008002dd0                USBD_CtlSendStatus
 .text.USBD_CtlReceiveStatus
                0x0000000008002de6       0x16 Middlewares/ST/STM32_USB_Device_Library/Core/Src/usbd_ioreq.o
                0x0000000008002de6                USBD_CtlReceiveStatus
 .text.makeFreeRtosPriority
                0x0000000008002dfc        0xc Middlewares/Third_Party/FreeRTOS/Source/CMSIS_RTOS/cmsis_os.o
 .text.osKernelStart
                0x0000000008002e08        0xa Middlewares/Third_Party/FreeRTOS/Source/CMSIS_RTOS/cmsis_os.o
                0x0000000008002e08                osKernelStart
 .text.osThreadCreate
                0x0000000008002e12       0x34 Middlewares/Third_Party/FreeRTOS/Source/CMSIS_RTOS/cmsis_os.o
                0x0000000008002e12                osThreadCreate
 .text.osDelay  0x0000000008002e46       0x12 Middlewares/Third_Party/FreeRTOS/Source/CMSIS_RTOS/cmsis_os.o
                0x0000000008002e46                osDelay
 .text.osSystickHandler
                0x0000000008002e58       0x10 Middlewares/Third_Party/FreeRTOS/Source/CMSIS_RTOS/cmsis_os.o
                0x0000000008002e58                osSystickHandler
 .text.vListInitialise
                0x0000000008002e68       0x16 Middlewares/Third_Party/FreeRTOS/Source/list.o
                0x0000000008002e68                vListInitialise
 .text.vListInitialiseItem
                0x0000000008002e7e        0x6 Middlewares/Third_Party/FreeRTOS/Source/list.o
                0x0000000008002e7e                vListInitialiseItem
 .text.vListInsertEnd
                0x0000000008002e84       0x18 Middlewares/Third_Party/FreeRTOS/Source/list.o
                0x0000000008002e84                vListInsertEnd
 .text.vListInsert
                0x0000000008002e9c       0x34 Middlewares/Third_Party/FreeRTOS/Source/list.o
                0x0000000008002e9c                vListInsert
 .text.uxListRemove
                0x0000000008002ed0       0x26 Middlewares/Third_Party/FreeRTOS/Source/list.o
                0x0000000008002ed0                uxListRemove
 *fill*         0x0000000008002ef6        0x2 
 .text.prvResetNextTaskUnblockTime
                0x0000000008002ef8       0x24 Middlewares/Third_Party/FreeRTOS/Source/tasks.o
 .text.prvDeleteTCB
                0x0000000008002f1c       0x12 Middlewares/Third_Party/FreeRTOS/Source/tasks.o
 .text.prvInitialiseNewTask
                0x0000000008002f2e       0x80 Middlewares/Third_Party/FreeRTOS/Source/tasks.o
 *fill*         0x0000000008002fae        0x2 
 .text.prvInitialiseTaskLists
                0x0000000008002fb0       0x58 Middlewares/Third_Party/FreeRTOS/Source/tasks.o
 .text.prvAddNewTaskToReadyList
                0x0000000008003008       0xac Middlewares/Third_Party/FreeRTOS/Source/tasks.o
 .text.prvAddCurrentTaskToDelayedList
                0x00000000080030b4       0x88 Middlewares/Third_Party/FreeRTOS/Source/tasks.o
 .text.xTaskCreate
                0x000000000800313c       0x62 Middlewares/Third_Party/FreeRTOS/Source/tasks.o
                0x000000000800313c                xTaskCreate
 *fill*         0x000000000800319e        0x2 
 .text.vTaskStartScheduler
                0x00000000080031a0       0x74 Middlewares/Third_Party/FreeRTOS/Source/tasks.o
                0x00000000080031a0                vTaskStartScheduler
 .text.vTaskSuspendAll
                0x0000000008003214       0x14 Middlewares/Third_Party/FreeRTOS/Source/tasks.o
                0x0000000008003214                vTaskSuspendAll
 .text.xTaskIncrementTick
                0x0000000008003228      0x10c Middlewares/Third_Party/FreeRTOS/Source/tasks.o
                0x0000000008003228                xTaskIncrementTick
 .text.xTaskResumeAll
                0x0000000008003334       0xf0 Middlewares/Third_Party/FreeRTOS/Source/tasks.o
                0x0000000008003334                xTaskResumeAll
 .text.vTaskDelay
                0x0000000008003424       0x4c Middlewares/Third_Party/FreeRTOS/Source/tasks.o
                0x0000000008003424                vTaskDelay
 .text.prvCheckTasksWaitingTermination
                0x0000000008003470       0x54 Middlewares/Third_Party/FreeRTOS/Source/tasks.o
 .text.prvIdleTask
                0x00000000080034c4       0x28 Middlewares/Third_Party/FreeRTOS/Source/tasks.o
 .text.vTaskSwitchContext
                0x00000000080034ec       0x90 Middlewares/Third_Party/FreeRTOS/Source/tasks.o
                0x00000000080034ec                vTaskSwitchContext
 .text.xTaskGetSchedulerState
                0x000000000800357c       0x20 Middlewares/Third_Party/FreeRTOS/Source/tasks.o
                0x000000000800357c                xTaskGetSchedulerState
 .text.prvTaskExitError
                0x000000000800359c       0x34 Middlewares/Third_Party/FreeRTOS/Source/portable/GCC/ARM_CM3/port.o
 .text.prvPortStartFirstTask
                0x00000000080035d0       0x20 Middlewares/Third_Party/FreeRTOS/Source/portable/GCC/ARM_CM3/port.o
 .text.pxPortInitialiseStack
                0x00000000080035f0       0x24 Middlewares/Third_Party/FreeRTOS/Source/portable/GCC/ARM_CM3/port.o
                0x00000000080035f0                pxPortInitialiseStack
 *fill*         0x0000000008003614        0xc 
 .text.SVC_Handler
                0x0000000008003620       0x24 Middlewares/Third_Party/FreeRTOS/Source/portable/GCC/ARM_CM3/port.o
                0x0000000008003620                SVC_Handler
 .text.vPortEnterCritical
                0x0000000008003644       0x44 Middlewares/Third_Party/FreeRTOS/Source/portable/GCC/ARM_CM3/port.o
                0x0000000008003644                vPortEnterCritical
 .text.vPortExitCritical
                0x0000000008003688       0x2c Middlewares/Third_Party/FreeRTOS/Source/portable/GCC/ARM_CM3/port.o
                0x0000000008003688                vPortExitCritical
 *fill*         0x00000000080036b4        0xc 
 .text.PendSV_Handler
                0x00000000080036c0       0x44 Middlewares/Third_Party/FreeRTOS/Source/portable/GCC/ARM_CM3/port.o
                0x00000000080036c0                PendSV_Handler
 .text.xPortSysTickHandler
                0x0000000008003704       0x2c Middlewares/Third_Party/FreeRTOS/Source/portable/GCC/ARM_CM3/port.o
                0x0000000008003704                xPortSysTickHandler
 .text.vPortSetupTimerInterrupt
                0x0000000008003730       0x2c Middlewares/Third_Party/FreeRTOS/Source/portable/GCC/ARM_CM3/port.o
                0x0000000008003730                vPortSetupTimerInterrupt
 .text.xPortStartScheduler
                0x000000000800375c       0x90 Middlewares/Third_Party/FreeRTOS/Source/portable/GCC/ARM_CM3/port.o
                0x000000000800375c                xPortStartScheduler
 .text.prvHeapInit
                0x00000000080037ec       0x54 Middlewares/Third_Party/FreeRTOS/Source/portable/MemMang/heap_4.o
 .text.prvInsertBlockIntoFreeList
                0x0000000008003840       0x58 Middlewares/Third_Party/FreeRTOS/Source/portable/MemMang/heap_4.o
 .text.pvPortMalloc
                0x0000000008003898      0x10c Middlewares/Third_Party/FreeRTOS/Source/portable/MemMang/heap_4.o
                0x0000000008003898                pvPortMalloc
 .text.vPortFree
                0x00000000080039a4       0x70 Middlewares/Third_Party/FreeRTOS/Source/portable/MemMang/heap_4.o
                0x00000000080039a4                vPortFree
 .text.MX_GPIO_Init
                0x0000000008003a14       0x94 Src/main.o
 .text.StartDefaultTask
                0x0000000008003aa8        0xe Src/main.o
                0x0000000008003aa8                StartDefaultTask
 *fill*         0x0000000008003ab6        0x2 
 .text.HAL_TIM_PeriodElapsedCallback
                0x0000000008003ab8       0x18 Src/main.o
                0x0000000008003ab8                HAL_TIM_PeriodElapsedCallback
 .text._Error_Handler
                0x0000000008003ad0        0x2 Src/main.o
                0x0000000008003ad0                _Error_Handler
 *fill*         0x0000000008003ad2        0x2 
 .text.MX_I2C1_Init
                0x0000000008003ad4       0x40 Src/main.o
 .text.MX_USART1_UART_Init
                0x0000000008003b14       0x3c Src/main.o
 .text.MX_USART2_UART_Init
                0x0000000008003b50       0x3c Src/main.o
 .text.MX_USART3_UART_Init
                0x0000000008003b8c       0x3c Src/main.o
 .text.SystemClock_Config
                0x0000000008003bc8       0x9c Src/main.o
                0x0000000008003bc8                SystemClock_Config
 .text.main     0x0000000008003c64       0x48 Src/main.o
                0x0000000008003c64                main
 .text.HAL_MspInit
                0x0000000008003cac       0xa0 Src/stm32f1xx_hal_msp.o
                0x0000000008003cac                HAL_MspInit
 .text.HAL_I2C_MspInit
                0x0000000008003d4c       0x48 Src/stm32f1xx_hal_msp.o
                0x0000000008003d4c                HAL_I2C_MspInit
 .text.HAL_UART_MspInit
                0x0000000008003d94       0xf8 Src/stm32f1xx_hal_msp.o
                0x0000000008003d94                HAL_UART_MspInit
 .text.HAL_InitTick
                0x0000000008003e8c       0x78 Src/stm32f1xx_hal_timebase_TIM.o
                0x0000000008003e8c                HAL_InitTick
 .text.NMI_Handler
                0x0000000008003f04        0x2 Src/stm32f1xx_it.o
                0x0000000008003f04                NMI_Handler
 .text.HardFault_Handler
                0x0000000008003f06        0x2 Src/stm32f1xx_it.o
                0x0000000008003f06                HardFault_Handler
 .text.MemManage_Handler
                0x0000000008003f08        0x2 Src/stm32f1xx_it.o
                0x0000000008003f08                MemManage_Handler
 .text.BusFault_Handler
                0x0000000008003f0a        0x2 Src/stm32f1xx_it.o
                0x0000000008003f0a                BusFault_Handler
 .text.UsageFault_Handler
                0x0000000008003f0c        0x2 Src/stm32f1xx_it.o
                0x0000000008003f0c                UsageFault_Handler
 .text.DebugMon_Handler
                0x0000000008003f0e        0x2 Src/stm32f1xx_it.o
                0x0000000008003f0e                DebugMon_Handler
 .text.SysTick_Handler
                0x0000000008003f10        0x8 Src/stm32f1xx_it.o
                0x0000000008003f10                SysTick_Handler
 .text.USB_LP_CAN1_RX0_IRQHandler
                0x0000000008003f18       0x10 Src/stm32f1xx_it.o
                0x0000000008003f18                USB_LP_CAN1_RX0_IRQHandler
 .text.TIM1_UP_IRQHandler
                0x0000000008003f28       0x10 Src/stm32f1xx_it.o
                0x0000000008003f28                TIM1_UP_IRQHandler
 .text.SystemInit
                0x0000000008003f38       0x4c Src/system_stm32f1xx.o
                0x0000000008003f38                SystemInit
 .text.MX_USB_DEVICE_Init
                0x0000000008003f84       0x38 Src/usb_device.o
                0x0000000008003f84                MX_USB_DEVICE_Init
 .text.CDC_DeInit_FS
                0x0000000008003fbc        0x4 Src/usbd_cdc_if.o
 .text.CDC_Control_FS
                0x0000000008003fc0        0x4 Src/usbd_cdc_if.o
 .text.CDC_Receive_FS
                0x0000000008003fc4       0x1c Src/usbd_cdc_if.o
 .text.CDC_Init_FS
                0x0000000008003fe0       0x28 Src/usbd_cdc_if.o
 .text.HAL_PCD_MspInit
                0x0000000008004008       0x40 Src/usbd_conf.o
                0x0000000008004008                HAL_PCD_MspInit
 .text.HAL_PCD_SetupStageCallback
                0x0000000008004048       0x10 Src/usbd_conf.o
                0x0000000008004048                HAL_PCD_SetupStageCallback
 .text.HAL_PCD_DataOutStageCallback
                0x0000000008004058       0x14 Src/usbd_conf.o
                0x0000000008004058                HAL_PCD_DataOutStageCallback
 .text.HAL_PCD_DataInStageCallback
                0x000000000800406c       0x12 Src/usbd_conf.o
                0x000000000800406c                HAL_PCD_DataInStageCallback
 .text.HAL_PCD_SOFCallback
                0x000000000800407e        0xc Src/usbd_conf.o
                0x000000000800407e                HAL_PCD_SOFCallback
 .text.HAL_PCD_ResetCallback
                0x000000000800408a       0x18 Src/usbd_conf.o
                0x000000000800408a                HAL_PCD_ResetCallback
 *fill*         0x00000000080040a2        0x2 
 .text.HAL_PCD_SuspendCallback
                0x00000000080040a4       0x20 Src/usbd_conf.o
                0x00000000080040a4                HAL_PCD_SuspendCallback
 .text.HAL_PCD_ResumeCallback
                0x00000000080040c4        0xc Src/usbd_conf.o
                0x00000000080040c4                HAL_PCD_ResumeCallback
 .text.USBD_LL_Init
                0x00000000080040d0       0x94 Src/usbd_conf.o
                0x00000000080040d0                USBD_LL_Init
 .text.USBD_LL_Start
                0x0000000008004164       0x1c Src/usbd_conf.o
                0x0000000008004164                USBD_LL_Start
 .text.USBD_LL_OpenEP
                0x0000000008004180       0x22 Src/usbd_conf.o
                0x0000000008004180                USBD_LL_OpenEP
 .text.USBD_LL_CloseEP
                0x00000000080041a2       0x1c Src/usbd_conf.o
                0x00000000080041a2                USBD_LL_CloseEP
 .text.USBD_LL_StallEP
                0x00000000080041be       0x1c Src/usbd_conf.o
                0x00000000080041be                USBD_LL_StallEP
 .text.USBD_LL_ClearStallEP
                0x00000000080041da       0x1c Src/usbd_conf.o
                0x00000000080041da                USBD_LL_ClearStallEP
 .text.USBD_LL_IsStallEP
                0x00000000080041f6       0x26 Src/usbd_conf.o
                0x00000000080041f6                USBD_LL_IsStallEP
 .text.USBD_LL_SetUSBAddress
                0x000000000800421c       0x1c Src/usbd_conf.o
                0x000000000800421c                USBD_LL_SetUSBAddress
 .text.USBD_LL_Transmit
                0x0000000008004238       0x1c Src/usbd_conf.o
                0x0000000008004238                USBD_LL_Transmit
 .text.USBD_LL_PrepareReceive
                0x0000000008004254       0x1c Src/usbd_conf.o
                0x0000000008004254                USBD_LL_PrepareReceive
 .text.USBD_LL_GetRxDataSize
                0x0000000008004270        0xc Src/usbd_conf.o
                0x0000000008004270                USBD_LL_GetRxDataSize
 .text.USBD_static_malloc
                0x000000000800427c        0x8 Src/usbd_conf.o
                0x000000000800427c                USBD_static_malloc
 .text.USBD_static_free
                0x0000000008004284        0x2 Src/usbd_conf.o
                0x0000000008004284                USBD_static_free
 .text.HAL_PCDEx_SetConnectionState
                0x0000000008004286        0x2 Src/usbd_conf.o
                0x0000000008004286                HAL_PCDEx_SetConnectionState
 .text.USBD_FS_DeviceDescriptor
                0x0000000008004288        0xc Src/usbd_desc.o
                0x0000000008004288                USBD_FS_DeviceDescriptor
 .text.USBD_FS_LangIDStrDescriptor
                0x0000000008004294        0xc Src/usbd_desc.o
                0x0000000008004294                USBD_FS_LangIDStrDescriptor
 .text.USBD_FS_ProductStrDescriptor
                0x00000000080042a0       0x24 Src/usbd_desc.o
                0x00000000080042a0                USBD_FS_ProductStrDescriptor
 .text.USBD_FS_ManufacturerStrDescriptor
                0x00000000080042c4       0x1c Src/usbd_desc.o
                0x00000000080042c4                USBD_FS_ManufacturerStrDescriptor
 .text.USBD_FS_SerialStrDescriptor
                0x00000000080042e0       0x24 Src/usbd_desc.o
                0x00000000080042e0                USBD_FS_SerialStrDescriptor
 .text.USBD_FS_ConfigStrDescriptor
                0x0000000008004304       0x24 Src/usbd_desc.o
                0x0000000008004304                USBD_FS_ConfigStrDescriptor
 .text.USBD_FS_InterfaceStrDescriptor
                0x0000000008004328       0x24 Src/usbd_desc.o
                0x0000000008004328                USBD_FS_InterfaceStrDescriptor
 .text.Reset_Handler
                0x000000000800434c       0x48 startup/startup_stm32f103xb.o
                0x000000000800434c                Reset_Handler
 .text.Default_Handler
                0x0000000008004394        0x2 startup/startup_stm32f103xb.o
                0x0000000008004394                RTC_Alarm_IRQHandler
                0x0000000008004394                EXTI2_IRQHandler
                0x0000000008004394                TIM1_CC_IRQHandler
                0x0000000008004394                PVD_IRQHandler
                0x0000000008004394                EXTI3_IRQHandler
                0x0000000008004394                EXTI0_IRQHandler
                0x0000000008004394                I2C2_EV_IRQHandler
                0x0000000008004394                ADC1_2_IRQHandler
                0x0000000008004394                SPI1_IRQHandler
                0x0000000008004394                TAMPER_IRQHandler
                0x0000000008004394                DMA1_Channel4_IRQHandler
                0x0000000008004394                USART3_IRQHandler
                0x0000000008004394                RTC_IRQHandler
                0x0000000008004394                DMA1_Channel7_IRQHandler
                0x0000000008004394                CAN1_RX1_IRQHandler
                0x0000000008004394                TIM4_IRQHandler
                0x0000000008004394                I2C1_EV_IRQHandler
                0x0000000008004394                DMA1_Channel6_IRQHandler
                0x0000000008004394                TIM3_IRQHandler
                0x0000000008004394                RCC_IRQHandler
                0x0000000008004394                TIM1_TRG_COM_IRQHandler
                0x0000000008004394                DMA1_Channel1_IRQHandler
                0x0000000008004394                Default_Handler
                0x0000000008004394                EXTI15_10_IRQHandler
                0x0000000008004394                EXTI9_5_IRQHandler
                0x0000000008004394                SPI2_IRQHandler
                0x0000000008004394                DMA1_Channel5_IRQHandler
                0x0000000008004394                EXTI4_IRQHandler
                0x0000000008004394                USB_HP_CAN1_TX_IRQHandler
                0x0000000008004394                DMA1_Channel3_IRQHandler
                0x0000000008004394                WWDG_IRQHandler
                0x0000000008004394                TIM2_IRQHandler
                0x0000000008004394                TIM1_BRK_IRQHandler
                0x0000000008004394                EXTI1_IRQHandler
                0x0000000008004394                USART2_IRQHandler
                0x0000000008004394                I2C2_ER_IRQHandler
                0x0000000008004394                DMA1_Channel2_IRQHandler
                0x0000000008004394                CAN1_SCE_IRQHandler
                0x0000000008004394                FLASH_IRQHandler
                0x0000000008004394                USART1_IRQHandler
                0x0000000008004394                I2C1_ER_IRQHandler
                0x0000000008004394                USBWakeUp_IRQHandler
 *fill*         0x0000000008004396        0x2 
 .text.__libc_init_array
                0x0000000008004398       0x48 /home/gastd/Ac6/SystemWorkbench/plugins/fr.ac6.mcu.externaltools.arm-none.linux64_1.16.0.201807130628/tools/compiler/bin/../lib/gcc/arm-none-eabi/7.2.1/../../../../arm-none-eabi/lib/thumb/v7-m/libc_nano.a(lib_a-init.o)
                0x0000000008004398                __libc_init_array
 *(.glue_7)
 .glue_7        0x00000000080043e0        0x0 linker stubs
 *(.glue_7t)
 .glue_7t       0x00000000080043e0        0x0 linker stubs
 *(.eh_frame)
 .eh_frame      0x00000000080043e0        0x0 /home/gastd/Ac6/SystemWorkbench/plugins/fr.ac6.mcu.externaltools.arm-none.linux64_1.16.0.201807130628/tools/compiler/bin/../lib/gcc/arm-none-eabi/7.2.1/thumb/v7-m/crtbegin.o
 *(.init)
 .init          0x00000000080043e0        0x4 /home/gastd/Ac6/SystemWorkbench/plugins/fr.ac6.mcu.externaltools.arm-none.linux64_1.16.0.201807130628/tools/compiler/bin/../lib/gcc/arm-none-eabi/7.2.1/thumb/v7-m/crti.o
                0x00000000080043e0                _init
 .init          0x00000000080043e4        0x8 /home/gastd/Ac6/SystemWorkbench/plugins/fr.ac6.mcu.externaltools.arm-none.linux64_1.16.0.201807130628/tools/compiler/bin/../lib/gcc/arm-none-eabi/7.2.1/thumb/v7-m/crtn.o
 *(.fini)
 .fini          0x00000000080043ec        0x4 /home/gastd/Ac6/SystemWorkbench/plugins/fr.ac6.mcu.externaltools.arm-none.linux64_1.16.0.201807130628/tools/compiler/bin/../lib/gcc/arm-none-eabi/7.2.1/thumb/v7-m/crti.o
                0x00000000080043ec                _fini
 .fini          0x00000000080043f0        0x8 /home/gastd/Ac6/SystemWorkbench/plugins/fr.ac6.mcu.externaltools.arm-none.linux64_1.16.0.201807130628/tools/compiler/bin/../lib/gcc/arm-none-eabi/7.2.1/thumb/v7-m/crtn.o
                0x00000000080043f8                . = ALIGN (0x4)
                0x00000000080043f8                _etext = .

.vfp11_veneer   0x00000000080043f8        0x0
 .vfp11_veneer  0x00000000080043f8        0x0 linker stubs

.v4_bx          0x00000000080043f8        0x0
 .v4_bx         0x00000000080043f8        0x0 linker stubs

.iplt           0x00000000080043f8        0x0
 .iplt          0x00000000080043f8        0x0 /home/gastd/Ac6/SystemWorkbench/plugins/fr.ac6.mcu.externaltools.arm-none.linux64_1.16.0.201807130628/tools/compiler/bin/../lib/gcc/arm-none-eabi/7.2.1/thumb/v7-m/crtbegin.o

.rodata         0x00000000080043f8       0xd0
                0x00000000080043f8                . = ALIGN (0x4)
 *(.rodata)
 .rodata        0x00000000080043f8       0x12 Drivers/STM32F1xx_HAL_Driver/Src/stm32f1xx_hal_rcc.o
 *fill*         0x000000000800440a        0x2 
 .rodata        0x000000000800440c       0x14 Src/main.o
 .rodata        0x0000000008004420       0x18 Src/system_stm32f1xx.o
                0x0000000008004420                AHBPrescTable
                0x0000000008004430                APBPrescTable
 *(.rodata*)
 .rodata.str1.4
                0x0000000008004438        0x5 Middlewares/Third_Party/FreeRTOS/Source/tasks.o
 *fill*         0x000000000800443d        0x3 
 .rodata.str1.4
                0x0000000008004440       0x1c Src/main.o
 .rodata.str1.4
                0x000000000800445c       0x13 Src/usbd_conf.o
 *fill*         0x000000000800446f        0x1 
 .rodata.str1.4
                0x0000000008004470       0x58 Src/usbd_desc.o
                                         0x56 (size before relaxing)
                0x00000000080044c8                . = ALIGN (0x4)

.rel.dyn        0x00000000080044c8        0x0
 .rel.iplt      0x00000000080044c8        0x0 /home/gastd/Ac6/SystemWorkbench/plugins/fr.ac6.mcu.externaltools.arm-none.linux64_1.16.0.201807130628/tools/compiler/bin/../lib/gcc/arm-none-eabi/7.2.1/thumb/v7-m/crtbegin.o

.ARM.extab
 *(.ARM.extab* .gnu.linkonce.armextab.*)

.ARM            0x00000000080044c8        0x0
                0x00000000080044c8                __exidx_start = .
 *(.ARM.exidx*)
                0x00000000080044c8                __exidx_end = .

.preinit_array  0x00000000080044c8        0x0
                0x00000000080044c8                PROVIDE (__preinit_array_start, .)
 *(.preinit_array*)
                0x00000000080044c8                PROVIDE (__preinit_array_end, .)

.init_array     0x00000000080044c8        0x4
                0x00000000080044c8                PROVIDE (__init_array_start, .)
 *(SORT_BY_NAME(.init_array.*))
 *(.init_array*)
 .init_array    0x00000000080044c8        0x4 /home/gastd/Ac6/SystemWorkbench/plugins/fr.ac6.mcu.externaltools.arm-none.linux64_1.16.0.201807130628/tools/compiler/bin/../lib/gcc/arm-none-eabi/7.2.1/thumb/v7-m/crtbegin.o
                0x00000000080044cc                PROVIDE (__init_array_end, .)

.fini_array     0x00000000080044cc        0x4
                [!provide]                        PROVIDE (__fini_array_start, .)
 *(SORT_BY_NAME(.fini_array.*))
 *(.fini_array*)
 .fini_array    0x00000000080044cc        0x4 /home/gastd/Ac6/SystemWorkbench/plugins/fr.ac6.mcu.externaltools.arm-none.linux64_1.16.0.201807130628/tools/compiler/bin/../lib/gcc/arm-none-eabi/7.2.1/thumb/v7-m/crtbegin.o
                [!provide]                        PROVIDE (__fini_array_end, .)
                0x00000000080044d0                _sidata = LOADADDR (.data)

.data           0x0000000020000000      0x164 load address 0x00000000080044d0
                0x0000000020000000                . = ALIGN (0x4)
                0x0000000020000000                _sdata = .
 *(.data)
 .data          0x0000000020000000        0x8 Drivers/STM32F1xx_HAL_Driver/Src/stm32f1xx_hal.o
                0x0000000020000000                uwTickFreq
                0x0000000020000004                uwTickPrio
 .data          0x0000000020000008      0x110 Middlewares/ST/STM32_USB_Device_Library/Class/CDC/Src/usbd_cdc.o
                0x0000000020000008                USBD_CDC_CfgFSDesc
                0x000000002000004c                USBD_CDC_CfgHSDesc
                0x0000000020000090                USBD_CDC_OtherSpeedCfgDesc
                0x00000000200000e0                USBD_CDC
 .data          0x0000000020000118        0x4 Middlewares/Third_Party/FreeRTOS/Source/portable/GCC/ARM_CM3/port.o
 .data          0x000000002000011c        0x4 Src/system_stm32f1xx.o
                0x000000002000011c                SystemCoreClock
 .data          0x0000000020000120       0x10 Src/usbd_cdc_if.o
                0x0000000020000120                USBD_Interface_fops_FS
 .data          0x0000000020000130       0x34 Src/usbd_desc.o
                0x0000000020000130                USBD_FS_DeviceDesc
                0x0000000020000144                USBD_LangIDDesc
                0x0000000020000148                FS_Desc
 *(.data*)
                0x0000000020000164                . = ALIGN (0x4)
                0x0000000020000164                _edata = .

.igot.plt       0x0000000020000164        0x0 load address 0x0000000008004634
 .igot.plt      0x0000000020000164        0x0 /home/gastd/Ac6/SystemWorkbench/plugins/fr.ac6.mcu.externaltools.arm-none.linux64_1.16.0.201807130628/tools/compiler/bin/../lib/gcc/arm-none-eabi/7.2.1/thumb/v7-m/crtbegin.o
                0x0000000020000164                . = ALIGN (0x4)

.bss            0x0000000020000164     0x2cf4 load address 0x0000000008004634
                0x0000000020000164                _sbss = .
                0x0000000020000164                __bss_start__ = _sbss
 *(.bss)
 .bss           0x0000000020000164       0x1c /home/gastd/Ac6/SystemWorkbench/plugins/fr.ac6.mcu.externaltools.arm-none.linux64_1.16.0.201807130628/tools/compiler/bin/../lib/gcc/arm-none-eabi/7.2.1/thumb/v7-m/crtbegin.o
 .bss           0x0000000020000180        0x1 Middlewares/ST/STM32_USB_Device_Library/Class/CDC/Src/usbd_cdc.o
 .bss           0x0000000020000181        0x1 Middlewares/ST/STM32_USB_Device_Library/Core/Src/usbd_ctlreq.o
 *fill*         0x0000000020000182        0x2 
 .bss           0x0000000020000184      0x12c Middlewares/Third_Party/FreeRTOS/Source/tasks.o
                0x0000000020000284                pxCurrentTCB
 .bss           0x00000000200002b0        0x8 Middlewares/Third_Party/FreeRTOS/Source/portable/GCC/ARM_CM3/port.o
 .bss           0x00000000200002b8      0xc18 Middlewares/Third_Party/FreeRTOS/Source/portable/MemMang/heap_4.o
 .bss           0x0000000020000ed0      0x220 Src/usbd_conf.o
 *(.bss*)
 *(COMMON)
 COMMON         0x00000000200010f0        0x4 Drivers/STM32F1xx_HAL_Driver/Src/stm32f1xx_hal.o
                0x00000000200010f0                uwTick
 COMMON         0x00000000200010f4      0xcd0 Src/main.o
                0x00000000200010f4                defaultTaskHandle
                0x00000000200010f8                huart3
                0x0000000020001138                hi2c1
                0x000000002000118c                memsenseBuffer
                0x0000000020001574                huart1
                0x00000000200015b4                novatelBuffer
                0x000000002000199c                huart2
                0x00000000200019dc                mpu6050Buffer
 COMMON         0x0000000020001dc4       0x40 Src/stm32f1xx_hal_timebase_TIM.o
                0x0000000020001dc4                htim1
 COMMON         0x0000000020001e04      0x224 Src/usb_device.o
                0x0000000020001e04                hUsbDeviceFS
 COMMON         0x0000000020002028      0x7d0 Src/usbd_cdc_if.o
                0x0000000020002028                UserRxBufferFS
                0x0000000020002410                UserTxBufferFS
 COMMON         0x00000000200027f8      0x460 Src/usbd_conf.o
                0x00000000200027f8                hpcd_USB_FS
 COMMON         0x0000000020002c58      0x200 Src/usbd_desc.o
                0x0000000020002c58                USBD_StrDesc
                0x0000000020002e58                . = ALIGN (0x4)
                0x0000000020002e58                _ebss = .
                0x0000000020002e58                __bss_end__ = _ebss

._user_heap_stack
                0x0000000020002e58      0x600 load address 0x0000000008004634
                0x0000000020002e58                . = ALIGN (0x8)
                [!provide]                        PROVIDE (end, .)
                [!provide]                        PROVIDE (_end, .)
                0x0000000020003058                . = (. + _Min_Heap_Size)
 *fill*         0x0000000020002e58      0x200 
                0x0000000020003458                . = (. + _Min_Stack_Size)
 *fill*         0x0000000020003058      0x400 
                0x0000000020003458                . = ALIGN (0x8)

/DISCARD/
 libc.a(*)
 libm.a(*)
 libgcc.a(*)

.ARM.attributes
                0x0000000000000000       0x29
 *(.ARM.attributes)
 .ARM.attributes
                0x0000000000000000       0x1d /home/gastd/Ac6/SystemWorkbench/plugins/fr.ac6.mcu.externaltools.arm-none.linux64_1.16.0.201807130628/tools/compiler/bin/../lib/gcc/arm-none-eabi/7.2.1/thumb/v7-m/crti.o
 .ARM.attributes
                0x000000000000001d       0x2d /home/gastd/Ac6/SystemWorkbench/plugins/fr.ac6.mcu.externaltools.arm-none.linux64_1.16.0.201807130628/tools/compiler/bin/../lib/gcc/arm-none-eabi/7.2.1/thumb/v7-m/crtbegin.o
 .ARM.attributes
                0x000000000000004a       0x33 Drivers/STM32F1xx_HAL_Driver/Src/stm32f1xx_hal.o
 .ARM.attributes
                0x000000000000007d       0x33 Drivers/STM32F1xx_HAL_Driver/Src/stm32f1xx_hal_cortex.o
 .ARM.attributes
                0x00000000000000b0       0x33 Drivers/STM32F1xx_HAL_Driver/Src/stm32f1xx_hal_gpio.o
 .ARM.attributes
                0x00000000000000e3       0x33 Drivers/STM32F1xx_HAL_Driver/Src/stm32f1xx_hal_i2c.o
 .ARM.attributes
                0x0000000000000116       0x33 Drivers/STM32F1xx_HAL_Driver/Src/stm32f1xx_hal_pcd.o
 .ARM.attributes
                0x0000000000000149       0x33 Drivers/STM32F1xx_HAL_Driver/Src/stm32f1xx_hal_pcd_ex.o
 .ARM.attributes
                0x000000000000017c       0x33 Drivers/STM32F1xx_HAL_Driver/Src/stm32f1xx_hal_rcc.o
 .ARM.attributes
                0x00000000000001af       0x33 Drivers/STM32F1xx_HAL_Driver/Src/stm32f1xx_hal_rcc_ex.o
 .ARM.attributes
                0x00000000000001e2       0x33 Drivers/STM32F1xx_HAL_Driver/Src/stm32f1xx_hal_tim.o
 .ARM.attributes
                0x0000000000000215       0x33 Drivers/STM32F1xx_HAL_Driver/Src/stm32f1xx_hal_tim_ex.o
 .ARM.attributes
                0x0000000000000248       0x33 Drivers/STM32F1xx_HAL_Driver/Src/stm32f1xx_hal_uart.o
 .ARM.attributes
                0x000000000000027b       0x33 Drivers/STM32F1xx_HAL_Driver/Src/stm32f1xx_ll_usb.o
 .ARM.attributes
                0x00000000000002ae       0x33 Middlewares/ST/STM32_USB_Device_Library/Class/CDC/Src/usbd_cdc.o
 .ARM.attributes
                0x00000000000002e1       0x33 Middlewares/ST/STM32_USB_Device_Library/Core/Src/usbd_core.o
 .ARM.attributes
                0x0000000000000314       0x33 Middlewares/ST/STM32_USB_Device_Library/Core/Src/usbd_ctlreq.o
 .ARM.attributes
                0x0000000000000347       0x33 Middlewares/ST/STM32_USB_Device_Library/Core/Src/usbd_ioreq.o
 .ARM.attributes
                0x000000000000037a       0x33 Middlewares/Third_Party/FreeRTOS/Source/CMSIS_RTOS/cmsis_os.o
 .ARM.attributes
                0x00000000000003ad       0x33 Middlewares/Third_Party/FreeRTOS/Source/list.o
 .ARM.attributes
                0x00000000000003e0       0x33 Middlewares/Third_Party/FreeRTOS/Source/tasks.o
 .ARM.attributes
                0x0000000000000413       0x33 Middlewares/Third_Party/FreeRTOS/Source/portable/GCC/ARM_CM3/port.o
 .ARM.attributes
                0x0000000000000446       0x33 Middlewares/Third_Party/FreeRTOS/Source/portable/MemMang/heap_4.o
 .ARM.attributes
                0x0000000000000479       0x33 Src/main.o
 .ARM.attributes
                0x00000000000004ac       0x33 Src/stm32f1xx_hal_msp.o
 .ARM.attributes
                0x00000000000004df       0x33 Src/stm32f1xx_hal_timebase_TIM.o
 .ARM.attributes
                0x0000000000000512       0x33 Src/stm32f1xx_it.o
 .ARM.attributes
                0x0000000000000545       0x33 Src/system_stm32f1xx.o
 .ARM.attributes
                0x0000000000000578       0x33 Src/usb_device.o
 .ARM.attributes
                0x00000000000005ab       0x33 Src/usbd_cdc_if.o
 .ARM.attributes
                0x00000000000005de       0x33 Src/usbd_conf.o
 .ARM.attributes
                0x0000000000000611       0x33 Src/usbd_desc.o
 .ARM.attributes
                0x0000000000000644       0x21 startup/startup_stm32f103xb.o
 .ARM.attributes
                0x0000000000000665       0x2d /home/gastd/Ac6/SystemWorkbench/plugins/fr.ac6.mcu.externaltools.arm-none.linux64_1.16.0.201807130628/tools/compiler/bin/../lib/gcc/arm-none-eabi/7.2.1/../../../../arm-none-eabi/lib/thumb/v7-m/libc_nano.a(lib_a-init.o)
 .ARM.attributes
                0x0000000000000692       0x1d /home/gastd/Ac6/SystemWorkbench/plugins/fr.ac6.mcu.externaltools.arm-none.linux64_1.16.0.201807130628/tools/compiler/bin/../lib/gcc/arm-none-eabi/7.2.1/thumb/v7-m/crtn.o
OUTPUT(test_com1.elf elf32-littlearm)

.debug_info     0x0000000000000000    0x2a46b
 .debug_info    0x0000000000000000      0xfa6 Drivers/STM32F1xx_HAL_Driver/Src/stm32f1xx_hal.o
 .debug_info    0x0000000000000fa6     0x1475 Drivers/STM32F1xx_HAL_Driver/Src/stm32f1xx_hal_cortex.o
 .debug_info    0x000000000000241b      0xe87 Drivers/STM32F1xx_HAL_Driver/Src/stm32f1xx_hal_gpio.o
 .debug_info    0x00000000000032a2     0x379a Drivers/STM32F1xx_HAL_Driver/Src/stm32f1xx_hal_i2c.o
 .debug_info    0x0000000000006a3c     0x19d2 Drivers/STM32F1xx_HAL_Driver/Src/stm32f1xx_hal_pcd.o
 .debug_info    0x000000000000840e      0xe0d Drivers/STM32F1xx_HAL_Driver/Src/stm32f1xx_hal_pcd_ex.o
 .debug_info    0x000000000000921b     0x11ef Drivers/STM32F1xx_HAL_Driver/Src/stm32f1xx_hal_rcc.o
 .debug_info    0x000000000000a40a      0xc67 Drivers/STM32F1xx_HAL_Driver/Src/stm32f1xx_hal_rcc_ex.o
 .debug_info    0x000000000000b071     0x3660 Drivers/STM32F1xx_HAL_Driver/Src/stm32f1xx_hal_tim.o
 .debug_info    0x000000000000e6d1     0x1aa8 Drivers/STM32F1xx_HAL_Driver/Src/stm32f1xx_hal_tim_ex.o
 .debug_info    0x0000000000010179     0x1e7b Drivers/STM32F1xx_HAL_Driver/Src/stm32f1xx_hal_uart.o
 .debug_info    0x0000000000011ff4     0x172c Drivers/STM32F1xx_HAL_Driver/Src/stm32f1xx_ll_usb.o
 .debug_info    0x0000000000013720     0x1583 Middlewares/ST/STM32_USB_Device_Library/Class/CDC/Src/usbd_cdc.o
 .debug_info    0x0000000000014ca3     0x14ab Middlewares/ST/STM32_USB_Device_Library/Core/Src/usbd_core.o
 .debug_info    0x000000000001614e     0x166a Middlewares/ST/STM32_USB_Device_Library/Core/Src/usbd_ctlreq.o
 .debug_info    0x00000000000177b8      0xfd4 Middlewares/ST/STM32_USB_Device_Library/Core/Src/usbd_ioreq.o
 .debug_info    0x000000000001878c     0x231e Middlewares/Third_Party/FreeRTOS/Source/CMSIS_RTOS/cmsis_os.o
 .debug_info    0x000000000001aaaa      0xacd Middlewares/Third_Party/FreeRTOS/Source/list.o
 .debug_info    0x000000000001b577     0x2915 Middlewares/Third_Party/FreeRTOS/Source/tasks.o
 .debug_info    0x000000000001de8c      0x4cb Middlewares/Third_Party/FreeRTOS/Source/portable/GCC/ARM_CM3/port.o
 .debug_info    0x000000000001e357      0xc71 Middlewares/Third_Party/FreeRTOS/Source/portable/MemMang/heap_4.o
 .debug_info    0x000000000001efc8     0x209f Src/main.o
 .debug_info    0x0000000000021067     0x168c Src/stm32f1xx_hal_msp.o
 .debug_info    0x00000000000226f3     0x11a4 Src/stm32f1xx_hal_timebase_TIM.o
 .debug_info    0x0000000000023897     0x1294 Src/stm32f1xx_it.o
 .debug_info    0x0000000000024b2b      0xc15 Src/system_stm32f1xx.o
 .debug_info    0x0000000000025740      0xe8b Src/usb_device.o
 .debug_info    0x00000000000265cb     0x10a9 Src/usbd_cdc_if.o
 .debug_info    0x0000000000027674     0x2076 Src/usbd_conf.o
 .debug_info    0x00000000000296ea      0xd5f Src/usbd_desc.o
 .debug_info    0x000000000002a449       0x22 startup/startup_stm32f103xb.o

.debug_abbrev   0x0000000000000000     0x5484
 .debug_abbrev  0x0000000000000000      0x2f4 Drivers/STM32F1xx_HAL_Driver/Src/stm32f1xx_hal.o
 .debug_abbrev  0x00000000000002f4      0x3cd Drivers/STM32F1xx_HAL_Driver/Src/stm32f1xx_hal_cortex.o
 .debug_abbrev  0x00000000000006c1      0x2a7 Drivers/STM32F1xx_HAL_Driver/Src/stm32f1xx_hal_gpio.o
 .debug_abbrev  0x0000000000000968      0x308 Drivers/STM32F1xx_HAL_Driver/Src/stm32f1xx_hal_i2c.o
 .debug_abbrev  0x0000000000000c70      0x357 Drivers/STM32F1xx_HAL_Driver/Src/stm32f1xx_hal_pcd.o
 .debug_abbrev  0x0000000000000fc7      0x232 Drivers/STM32F1xx_HAL_Driver/Src/stm32f1xx_hal_pcd_ex.o
 .debug_abbrev  0x00000000000011f9      0x335 Drivers/STM32F1xx_HAL_Driver/Src/stm32f1xx_hal_rcc.o
 .debug_abbrev  0x000000000000152e      0x2b4 Drivers/STM32F1xx_HAL_Driver/Src/stm32f1xx_hal_rcc_ex.o
 .debug_abbrev  0x00000000000017e2      0x2ef Drivers/STM32F1xx_HAL_Driver/Src/stm32f1xx_hal_tim.o
 .debug_abbrev  0x0000000000001ad1      0x2e0 Drivers/STM32F1xx_HAL_Driver/Src/stm32f1xx_hal_tim_ex.o
 .debug_abbrev  0x0000000000001db1      0x308 Drivers/STM32F1xx_HAL_Driver/Src/stm32f1xx_hal_uart.o
 .debug_abbrev  0x00000000000020b9      0x2c3 Drivers/STM32F1xx_HAL_Driver/Src/stm32f1xx_ll_usb.o
 .debug_abbrev  0x000000000000237c      0x31d Middlewares/ST/STM32_USB_Device_Library/Class/CDC/Src/usbd_cdc.o
 .debug_abbrev  0x0000000000002699      0x2ac Middlewares/ST/STM32_USB_Device_Library/Core/Src/usbd_core.o
 .debug_abbrev  0x0000000000002945      0x329 Middlewares/ST/STM32_USB_Device_Library/Core/Src/usbd_ctlreq.o
 .debug_abbrev  0x0000000000002c6e      0x215 Middlewares/ST/STM32_USB_Device_Library/Core/Src/usbd_ioreq.o
 .debug_abbrev  0x0000000000002e83      0x3d4 Middlewares/Third_Party/FreeRTOS/Source/CMSIS_RTOS/cmsis_os.o
 .debug_abbrev  0x0000000000003257      0x21c Middlewares/Third_Party/FreeRTOS/Source/list.o
 .debug_abbrev  0x0000000000003473      0x3cf Middlewares/Third_Party/FreeRTOS/Source/tasks.o
 .debug_abbrev  0x0000000000003842      0x24e Middlewares/Third_Party/FreeRTOS/Source/portable/GCC/ARM_CM3/port.o
 .debug_abbrev  0x0000000000003a90      0x318 Middlewares/Third_Party/FreeRTOS/Source/portable/MemMang/heap_4.o
 .debug_abbrev  0x0000000000003da8      0x313 Src/main.o
 .debug_abbrev  0x00000000000040bb      0x254 Src/stm32f1xx_hal_msp.o
 .debug_abbrev  0x000000000000430f      0x299 Src/stm32f1xx_hal_timebase_TIM.o
 .debug_abbrev  0x00000000000045a8      0x22e Src/stm32f1xx_it.o
 .debug_abbrev  0x00000000000047d6      0x228 Src/system_stm32f1xx.o
 .debug_abbrev  0x00000000000049fe      0x218 Src/usb_device.o
 .debug_abbrev  0x0000000000004c16      0x2c9 Src/usbd_cdc_if.o
 .debug_abbrev  0x0000000000004edf      0x31c Src/usbd_conf.o
 .debug_abbrev  0x00000000000051fb      0x277 Src/usbd_desc.o
 .debug_abbrev  0x0000000000005472       0x12 startup/startup_stm32f103xb.o

.debug_loc      0x0000000000000000    0x106f9
 .debug_loc     0x0000000000000000       0xfd Drivers/STM32F1xx_HAL_Driver/Src/stm32f1xx_hal.o
 .debug_loc     0x00000000000000fd      0x5ad Drivers/STM32F1xx_HAL_Driver/Src/stm32f1xx_hal_cortex.o
 .debug_loc     0x00000000000006aa      0x44e Drivers/STM32F1xx_HAL_Driver/Src/stm32f1xx_hal_gpio.o
 .debug_loc     0x0000000000000af8     0x31db Drivers/STM32F1xx_HAL_Driver/Src/stm32f1xx_hal_i2c.o
 .debug_loc     0x0000000000003cd3      0xa6c Drivers/STM32F1xx_HAL_Driver/Src/stm32f1xx_hal_pcd.o
 .debug_loc     0x000000000000473f       0xf4 Drivers/STM32F1xx_HAL_Driver/Src/stm32f1xx_hal_pcd_ex.o
 .debug_loc     0x0000000000004833      0x4f6 Drivers/STM32F1xx_HAL_Driver/Src/stm32f1xx_hal_rcc.o
 .debug_loc     0x0000000000004d29      0x2d0 Drivers/STM32F1xx_HAL_Driver/Src/stm32f1xx_hal_rcc_ex.o
 .debug_loc     0x0000000000004ff9     0x367a Drivers/STM32F1xx_HAL_Driver/Src/stm32f1xx_hal_tim.o
 .debug_loc     0x0000000000008673      0xf9e Drivers/STM32F1xx_HAL_Driver/Src/stm32f1xx_hal_tim_ex.o
 .debug_loc     0x0000000000009611     0x1529 Drivers/STM32F1xx_HAL_Driver/Src/stm32f1xx_hal_uart.o
 .debug_loc     0x000000000000ab3a      0xc0d Drivers/STM32F1xx_HAL_Driver/Src/stm32f1xx_ll_usb.o
 .debug_loc     0x000000000000b747      0x4a4 Middlewares/ST/STM32_USB_Device_Library/Class/CDC/Src/usbd_cdc.o
 .debug_loc     0x000000000000bbeb      0x6f8 Middlewares/ST/STM32_USB_Device_Library/Core/Src/usbd_core.o
 .debug_loc     0x000000000000c2e3      0xb38 Middlewares/ST/STM32_USB_Device_Library/Core/Src/usbd_ctlreq.o
 .debug_loc     0x000000000000ce1b      0x23c Middlewares/ST/STM32_USB_Device_Library/Core/Src/usbd_ioreq.o
 .debug_loc     0x000000000000d057      0xee1 Middlewares/Third_Party/FreeRTOS/Source/CMSIS_RTOS/cmsis_os.o
 .debug_loc     0x000000000000df38       0x70 Middlewares/Third_Party/FreeRTOS/Source/list.o
 .debug_loc     0x000000000000dfa8     0x11ef Middlewares/Third_Party/FreeRTOS/Source/tasks.o
 .debug_loc     0x000000000000f197       0xce Middlewares/Third_Party/FreeRTOS/Source/portable/GCC/ARM_CM3/port.o
 .debug_loc     0x000000000000f265      0x291 Middlewares/Third_Party/FreeRTOS/Source/portable/MemMang/heap_4.o
 .debug_loc     0x000000000000f4f6       0x5b Src/main.o
 .debug_loc     0x000000000000f551      0x133 Src/stm32f1xx_hal_msp.o
 .debug_loc     0x000000000000f684       0x79 Src/stm32f1xx_hal_timebase_TIM.o
 .debug_loc     0x000000000000f6fd       0xdf Src/system_stm32f1xx.o
 .debug_loc     0x000000000000f7dc      0x113 Src/usbd_cdc_if.o
 .debug_loc     0x000000000000f8ef      0xb53 Src/usbd_conf.o
 .debug_loc     0x0000000000010442      0x2b7 Src/usbd_desc.o

.debug_aranges  0x0000000000000000     0x1770
 .debug_aranges
                0x0000000000000000       0xd0 Drivers/STM32F1xx_HAL_Driver/Src/stm32f1xx_hal.o
 .debug_aranges
                0x00000000000000d0       0x90 Drivers/STM32F1xx_HAL_Driver/Src/stm32f1xx_hal_cortex.o
 .debug_aranges
                0x0000000000000160       0x58 Drivers/STM32F1xx_HAL_Driver/Src/stm32f1xx_hal_gpio.o
 .debug_aranges
                0x00000000000001b8      0x268 Drivers/STM32F1xx_HAL_Driver/Src/stm32f1xx_hal_i2c.o
 .debug_aranges
                0x0000000000000420      0x120 Drivers/STM32F1xx_HAL_Driver/Src/stm32f1xx_hal_pcd.o
 .debug_aranges
                0x0000000000000540       0x28 Drivers/STM32F1xx_HAL_Driver/Src/stm32f1xx_hal_pcd_ex.o
 .debug_aranges
                0x0000000000000568       0x90 Drivers/STM32F1xx_HAL_Driver/Src/stm32f1xx_hal_rcc.o
 .debug_aranges
                0x00000000000005f8       0x30 Drivers/STM32F1xx_HAL_Driver/Src/stm32f1xx_hal_rcc_ex.o
 .debug_aranges
                0x0000000000000628      0x368 Drivers/STM32F1xx_HAL_Driver/Src/stm32f1xx_hal_tim.o
 .debug_aranges
                0x0000000000000990      0x138 Drivers/STM32F1xx_HAL_Driver/Src/stm32f1xx_hal_tim_ex.o
 .debug_aranges
                0x0000000000000ac8      0x1d0 Drivers/STM32F1xx_HAL_Driver/Src/stm32f1xx_hal_uart.o
 .debug_aranges
                0x0000000000000c98      0x100 Drivers/STM32F1xx_HAL_Driver/Src/stm32f1xx_ll_usb.o
 .debug_aranges
                0x0000000000000d98       0x90 Middlewares/ST/STM32_USB_Device_Library/Class/CDC/Src/usbd_cdc.o
 .debug_aranges
                0x0000000000000e28       0xb8 Middlewares/ST/STM32_USB_Device_Library/Core/Src/usbd_core.o
 .debug_aranges
                0x0000000000000ee0       0x88 Middlewares/ST/STM32_USB_Device_Library/Core/Src/usbd_ctlreq.o
 .debug_aranges
                0x0000000000000f68       0x50 Middlewares/ST/STM32_USB_Device_Library/Core/Src/usbd_ioreq.o
 .debug_aranges
                0x0000000000000fb8      0x1d8 Middlewares/Third_Party/FreeRTOS/Source/CMSIS_RTOS/cmsis_os.o
 .debug_aranges
                0x0000000000001190       0x40 Middlewares/Third_Party/FreeRTOS/Source/list.o
 .debug_aranges
                0x00000000000011d0      0x190 Middlewares/Third_Party/FreeRTOS/Source/tasks.o
 .debug_aranges
                0x0000000000001360       0x78 Middlewares/Third_Party/FreeRTOS/Source/portable/GCC/ARM_CM3/port.o
 .debug_aranges
                0x00000000000013d8       0x50 Middlewares/Third_Party/FreeRTOS/Source/portable/MemMang/heap_4.o
 .debug_aranges
                0x0000000000001428       0x68 Src/main.o
 .debug_aranges
                0x0000000000001490       0x40 Src/stm32f1xx_hal_msp.o
 .debug_aranges
                0x00000000000014d0       0x30 Src/stm32f1xx_hal_timebase_TIM.o
 .debug_aranges
                0x0000000000001500       0x60 Src/stm32f1xx_it.o
 .debug_aranges
                0x0000000000001560       0x28 Src/system_stm32f1xx.o
 .debug_aranges
                0x0000000000001588       0x20 Src/usb_device.o
 .debug_aranges
                0x00000000000015a8       0x40 Src/usbd_cdc_if.o
 .debug_aranges
                0x00000000000015e8      0x110 Src/usbd_conf.o
 .debug_aranges
                0x00000000000016f8       0x50 Src/usbd_desc.o
 .debug_aranges
                0x0000000000001748       0x28 startup/startup_stm32f103xb.o

.debug_ranges   0x0000000000000000     0x17b0
 .debug_ranges  0x0000000000000000       0xc0 Drivers/STM32F1xx_HAL_Driver/Src/stm32f1xx_hal.o
 .debug_ranges  0x00000000000000c0       0xe0 Drivers/STM32F1xx_HAL_Driver/Src/stm32f1xx_hal_cortex.o
 .debug_ranges  0x00000000000001a0       0x48 Drivers/STM32F1xx_HAL_Driver/Src/stm32f1xx_hal_gpio.o
 .debug_ranges  0x00000000000001e8      0x258 Drivers/STM32F1xx_HAL_Driver/Src/stm32f1xx_hal_i2c.o
 .debug_ranges  0x0000000000000440      0x140 Drivers/STM32F1xx_HAL_Driver/Src/stm32f1xx_hal_pcd.o
 .debug_ranges  0x0000000000000580       0x18 Drivers/STM32F1xx_HAL_Driver/Src/stm32f1xx_hal_pcd_ex.o
 .debug_ranges  0x0000000000000598       0xa0 Drivers/STM32F1xx_HAL_Driver/Src/stm32f1xx_hal_rcc.o
 .debug_ranges  0x0000000000000638       0x38 Drivers/STM32F1xx_HAL_Driver/Src/stm32f1xx_hal_rcc_ex.o
 .debug_ranges  0x0000000000000670      0x358 Drivers/STM32F1xx_HAL_Driver/Src/stm32f1xx_hal_tim.o
 .debug_ranges  0x00000000000009c8      0x128 Drivers/STM32F1xx_HAL_Driver/Src/stm32f1xx_hal_tim_ex.o
 .debug_ranges  0x0000000000000af0      0x1c0 Drivers/STM32F1xx_HAL_Driver/Src/stm32f1xx_hal_uart.o
 .debug_ranges  0x0000000000000cb0      0x1e0 Drivers/STM32F1xx_HAL_Driver/Src/stm32f1xx_ll_usb.o
 .debug_ranges  0x0000000000000e90       0x80 Middlewares/ST/STM32_USB_Device_Library/Class/CDC/Src/usbd_cdc.o
 .debug_ranges  0x0000000000000f10       0xa8 Middlewares/ST/STM32_USB_Device_Library/Core/Src/usbd_core.o
 .debug_ranges  0x0000000000000fb8       0x78 Middlewares/ST/STM32_USB_Device_Library/Core/Src/usbd_ctlreq.o
 .debug_ranges  0x0000000000001030       0x40 Middlewares/ST/STM32_USB_Device_Library/Core/Src/usbd_ioreq.o
 .debug_ranges  0x0000000000001070      0x1c8 Middlewares/Third_Party/FreeRTOS/Source/CMSIS_RTOS/cmsis_os.o
 .debug_ranges  0x0000000000001238       0x30 Middlewares/Third_Party/FreeRTOS/Source/list.o
 .debug_ranges  0x0000000000001268      0x1f0 Middlewares/Third_Party/FreeRTOS/Source/tasks.o
 .debug_ranges  0x0000000000001458       0x68 Middlewares/Third_Party/FreeRTOS/Source/portable/GCC/ARM_CM3/port.o
 .debug_ranges  0x00000000000014c0       0x40 Middlewares/Third_Party/FreeRTOS/Source/portable/MemMang/heap_4.o
 .debug_ranges  0x0000000000001500       0x58 Src/main.o
 .debug_ranges  0x0000000000001558       0x30 Src/stm32f1xx_hal_msp.o
 .debug_ranges  0x0000000000001588       0x20 Src/stm32f1xx_hal_timebase_TIM.o
 .debug_ranges  0x00000000000015a8       0x50 Src/stm32f1xx_it.o
 .debug_ranges  0x00000000000015f8       0x18 Src/system_stm32f1xx.o
 .debug_ranges  0x0000000000001610       0x10 Src/usb_device.o
 .debug_ranges  0x0000000000001620       0x30 Src/usbd_cdc_if.o
 .debug_ranges  0x0000000000001650      0x100 Src/usbd_conf.o
 .debug_ranges  0x0000000000001750       0x40 Src/usbd_desc.o
 .debug_ranges  0x0000000000001790       0x20 startup/startup_stm32f103xb.o

.debug_macro    0x0000000000000000    0x1a8b1
 .debug_macro   0x0000000000000000      0x345 Drivers/STM32F1xx_HAL_Driver/Src/stm32f1xx_hal.o
 .debug_macro   0x0000000000000345      0xa60 Drivers/STM32F1xx_HAL_Driver/Src/stm32f1xx_hal.o
 .debug_macro   0x0000000000000da5       0x10 Drivers/STM32F1xx_HAL_Driver/Src/stm32f1xx_hal.o
 .debug_macro   0x0000000000000db5      0x175 Drivers/STM32F1xx_HAL_Driver/Src/stm32f1xx_hal.o
 .debug_macro   0x0000000000000f2a       0x2e Drivers/STM32F1xx_HAL_Driver/Src/stm32f1xx_hal.o
 .debug_macro   0x0000000000000f58       0x22 Drivers/STM32F1xx_HAL_Driver/Src/stm32f1xx_hal.o
 .debug_macro   0x0000000000000f7a       0x22 Drivers/STM32F1xx_HAL_Driver/Src/stm32f1xx_hal.o
 .debug_macro   0x0000000000000f9c       0x87 Drivers/STM32F1xx_HAL_Driver/Src/stm32f1xx_hal.o
 .debug_macro   0x0000000000001023       0x51 Drivers/STM32F1xx_HAL_Driver/Src/stm32f1xx_hal.o
 .debug_macro   0x0000000000001074       0xef Drivers/STM32F1xx_HAL_Driver/Src/stm32f1xx_hal.o
 .debug_macro   0x0000000000001163       0x6a Drivers/STM32F1xx_HAL_Driver/Src/stm32f1xx_hal.o
 .debug_macro   0x00000000000011cd      0x1df Drivers/STM32F1xx_HAL_Driver/Src/stm32f1xx_hal.o
 .debug_macro   0x00000000000013ac       0x34 Drivers/STM32F1xx_HAL_Driver/Src/stm32f1xx_hal.o
 .debug_macro   0x00000000000013e0       0x34 Drivers/STM32F1xx_HAL_Driver/Src/stm32f1xx_hal.o
 .debug_macro   0x0000000000001414      0xb8e Drivers/STM32F1xx_HAL_Driver/Src/stm32f1xx_hal.o
 .debug_macro   0x0000000000001fa2     0xe90a Drivers/STM32F1xx_HAL_Driver/Src/stm32f1xx_hal.o
 .debug_macro   0x00000000000108ac       0x43 Drivers/STM32F1xx_HAL_Driver/Src/stm32f1xx_hal.o
 .debug_macro   0x00000000000108ef       0x58 Drivers/STM32F1xx_HAL_Driver/Src/stm32f1xx_hal.o
 .debug_macro   0x0000000000010947       0x17 Drivers/STM32F1xx_HAL_Driver/Src/stm32f1xx_hal.o
 .debug_macro   0x000000000001095e       0x35 Drivers/STM32F1xx_HAL_Driver/Src/stm32f1xx_hal.o
 .debug_macro   0x0000000000010993       0x9c Drivers/STM32F1xx_HAL_Driver/Src/stm32f1xx_hal.o
 .debug_macro   0x0000000000010a2f       0x16 Drivers/STM32F1xx_HAL_Driver/Src/stm32f1xx_hal.o
 .debug_macro   0x0000000000010a45       0x97 Drivers/STM32F1xx_HAL_Driver/Src/stm32f1xx_hal.o
 .debug_macro   0x0000000000010adc      0x330 Drivers/STM32F1xx_HAL_Driver/Src/stm32f1xx_hal.o
 .debug_macro   0x0000000000010e0c       0xfd Drivers/STM32F1xx_HAL_Driver/Src/stm32f1xx_hal.o
 .debug_macro   0x0000000000010f09       0x10 Drivers/STM32F1xx_HAL_Driver/Src/stm32f1xx_hal.o
 .debug_macro   0x0000000000010f19       0x58 Drivers/STM32F1xx_HAL_Driver/Src/stm32f1xx_hal.o
 .debug_macro   0x0000000000010f71       0x1f Drivers/STM32F1xx_HAL_Driver/Src/stm32f1xx_hal.o
 .debug_macro   0x0000000000010f90       0x43 Drivers/STM32F1xx_HAL_Driver/Src/stm32f1xx_hal.o
 .debug_macro   0x0000000000010fd3       0x20 Drivers/STM32F1xx_HAL_Driver/Src/stm32f1xx_hal.o
 .debug_macro   0x0000000000010ff3      0x18e Drivers/STM32F1xx_HAL_Driver/Src/stm32f1xx_hal.o
 .debug_macro   0x0000000000011181       0x10 Drivers/STM32F1xx_HAL_Driver/Src/stm32f1xx_hal.o
 .debug_macro   0x0000000000011191       0x1c Drivers/STM32F1xx_HAL_Driver/Src/stm32f1xx_hal.o
 .debug_macro   0x00000000000111ad       0x52 Drivers/STM32F1xx_HAL_Driver/Src/stm32f1xx_hal.o
 .debug_macro   0x00000000000111ff       0x40 Drivers/STM32F1xx_HAL_Driver/Src/stm32f1xx_hal.o
 .debug_macro   0x000000000001123f       0x10 Drivers/STM32F1xx_HAL_Driver/Src/stm32f1xx_hal.o
 .debug_macro   0x000000000001124f       0x40 Drivers/STM32F1xx_HAL_Driver/Src/stm32f1xx_hal.o
 .debug_macro   0x000000000001128f       0xd7 Drivers/STM32F1xx_HAL_Driver/Src/stm32f1xx_hal.o
 .debug_macro   0x0000000000011366       0x1c Drivers/STM32F1xx_HAL_Driver/Src/stm32f1xx_hal.o
 .debug_macro   0x0000000000011382       0x3d Drivers/STM32F1xx_HAL_Driver/Src/stm32f1xx_hal.o
 .debug_macro   0x00000000000113bf       0x16 Drivers/STM32F1xx_HAL_Driver/Src/stm32f1xx_hal.o
 .debug_macro   0x00000000000113d5      0x16f Drivers/STM32F1xx_HAL_Driver/Src/stm32f1xx_hal.o
 .debug_macro   0x0000000000011544       0x50 Drivers/STM32F1xx_HAL_Driver/Src/stm32f1xx_hal.o
 .debug_macro   0x0000000000011594      0x5c2 Drivers/STM32F1xx_HAL_Driver/Src/stm32f1xx_hal.o
 .debug_macro   0x0000000000011b56      0x28a Drivers/STM32F1xx_HAL_Driver/Src/stm32f1xx_hal.o
 .debug_macro   0x0000000000011de0      0x1cb Drivers/STM32F1xx_HAL_Driver/Src/stm32f1xx_hal.o
 .debug_macro   0x0000000000011fab      0x11e Drivers/STM32F1xx_HAL_Driver/Src/stm32f1xx_hal.o
 .debug_macro   0x00000000000120c9      0x1b3 Drivers/STM32F1xx_HAL_Driver/Src/stm32f1xx_hal.o
 .debug_macro   0x000000000001227c       0x27 Drivers/STM32F1xx_HAL_Driver/Src/stm32f1xx_hal.o
 .debug_macro   0x00000000000122a3      0x1bc Drivers/STM32F1xx_HAL_Driver/Src/stm32f1xx_hal.o
 .debug_macro   0x000000000001245f       0x34 Drivers/STM32F1xx_HAL_Driver/Src/stm32f1xx_hal.o
 .debug_macro   0x0000000000012493       0x3c Drivers/STM32F1xx_HAL_Driver/Src/stm32f1xx_hal.o
 .debug_macro   0x00000000000124cf       0x57 Drivers/STM32F1xx_HAL_Driver/Src/stm32f1xx_hal.o
 .debug_macro   0x0000000000012526       0x8c Drivers/STM32F1xx_HAL_Driver/Src/stm32f1xx_hal.o
 .debug_macro   0x00000000000125b2      0x242 Drivers/STM32F1xx_HAL_Driver/Src/stm32f1xx_hal.o
 .debug_macro   0x00000000000127f4      0x264 Drivers/STM32F1xx_HAL_Driver/Src/stm32f1xx_hal.o
 .debug_macro   0x0000000000012a58      0x143 Drivers/STM32F1xx_HAL_Driver/Src/stm32f1xx_hal.o
 .debug_macro   0x0000000000012b9b      0x84c Drivers/STM32F1xx_HAL_Driver/Src/stm32f1xx_hal.o
 .debug_macro   0x00000000000133e7       0x1f Drivers/STM32F1xx_HAL_Driver/Src/stm32f1xx_hal.o
 .debug_macro   0x0000000000013406      0x26b Drivers/STM32F1xx_HAL_Driver/Src/stm32f1xx_hal.o
 .debug_macro   0x0000000000013671       0x50 Drivers/STM32F1xx_HAL_Driver/Src/stm32f1xx_hal.o
 .debug_macro   0x00000000000136c1      0x26c Drivers/STM32F1xx_HAL_Driver/Src/stm32f1xx_hal.o
 .debug_macro   0x000000000001392d       0x83 Drivers/STM32F1xx_HAL_Driver/Src/stm32f1xx_hal.o
 .debug_macro   0x00000000000139b0      0x321 Drivers/STM32F1xx_HAL_Driver/Src/stm32f1xx_hal_cortex.o
 .debug_macro   0x0000000000013cd1      0x391 Drivers/STM32F1xx_HAL_Driver/Src/stm32f1xx_hal_gpio.o
 .debug_macro   0x0000000000014062      0x361 Drivers/STM32F1xx_HAL_Driver/Src/stm32f1xx_hal_i2c.o
 .debug_macro   0x00000000000143c3      0x32d Drivers/STM32F1xx_HAL_Driver/Src/stm32f1xx_hal_pcd.o
 .debug_macro   0x00000000000146f0      0x321 Drivers/STM32F1xx_HAL_Driver/Src/stm32f1xx_hal_pcd_ex.o
 .debug_macro   0x0000000000014a11      0x333 Drivers/STM32F1xx_HAL_Driver/Src/stm32f1xx_hal_rcc.o
 .debug_macro   0x0000000000014d44      0x321 Drivers/STM32F1xx_HAL_Driver/Src/stm32f1xx_hal_rcc_ex.o
 .debug_macro   0x0000000000015065      0x321 Drivers/STM32F1xx_HAL_Driver/Src/stm32f1xx_hal_tim.o
 .debug_macro   0x0000000000015386      0x321 Drivers/STM32F1xx_HAL_Driver/Src/stm32f1xx_hal_tim_ex.o
 .debug_macro   0x00000000000156a7      0x322 Drivers/STM32F1xx_HAL_Driver/Src/stm32f1xx_hal_uart.o
 .debug_macro   0x00000000000159c9      0x321 Drivers/STM32F1xx_HAL_Driver/Src/stm32f1xx_ll_usb.o
 .debug_macro   0x0000000000015cea      0x3e1 Middlewares/ST/STM32_USB_Device_Library/Class/CDC/Src/usbd_cdc.o
 .debug_macro   0x00000000000160cb       0x52 Middlewares/ST/STM32_USB_Device_Library/Class/CDC/Src/usbd_cdc.o
 .debug_macro   0x000000000001611d       0x8d Middlewares/ST/STM32_USB_Device_Library/Class/CDC/Src/usbd_cdc.o
 .debug_macro   0x00000000000161aa       0x57 Middlewares/ST/STM32_USB_Device_Library/Class/CDC/Src/usbd_cdc.o
 .debug_macro   0x0000000000016201       0x16 Middlewares/ST/STM32_USB_Device_Library/Class/CDC/Src/usbd_cdc.o
 .debug_macro   0x0000000000016217       0x35 Middlewares/ST/STM32_USB_Device_Library/Class/CDC/Src/usbd_cdc.o
 .debug_macro   0x000000000001624c       0x16 Middlewares/ST/STM32_USB_Device_Library/Class/CDC/Src/usbd_cdc.o
 .debug_macro   0x0000000000016262       0x29 Middlewares/ST/STM32_USB_Device_Library/Class/CDC/Src/usbd_cdc.o
 .debug_macro   0x000000000001628b       0x16 Middlewares/ST/STM32_USB_Device_Library/Class/CDC/Src/usbd_cdc.o
 .debug_macro   0x00000000000162a1       0x6a Middlewares/ST/STM32_USB_Device_Library/Class/CDC/Src/usbd_cdc.o
 .debug_macro   0x000000000001630b      0x1c3 Middlewares/ST/STM32_USB_Device_Library/Class/CDC/Src/usbd_cdc.o
 .debug_macro   0x00000000000164ce       0x83 Middlewares/ST/STM32_USB_Device_Library/Class/CDC/Src/usbd_cdc.o
 .debug_macro   0x0000000000016551      0x3c8 Middlewares/ST/STM32_USB_Device_Library/Core/Src/usbd_core.o
 .debug_macro   0x0000000000016919      0x3c8 Middlewares/ST/STM32_USB_Device_Library/Core/Src/usbd_ctlreq.o
 .debug_macro   0x0000000000016ce1      0x3c4 Middlewares/ST/STM32_USB_Device_Library/Core/Src/usbd_ioreq.o
 .debug_macro   0x00000000000170a5      0x1ed Middlewares/Third_Party/FreeRTOS/Source/CMSIS_RTOS/cmsis_os.o
 .debug_macro   0x0000000000017292      0x174 Middlewares/Third_Party/FreeRTOS/Source/CMSIS_RTOS/cmsis_os.o
 .debug_macro   0x0000000000017406       0x10 Middlewares/Third_Party/FreeRTOS/Source/CMSIS_RTOS/cmsis_os.o
 .debug_macro   0x0000000000017416       0xd8 Middlewares/Third_Party/FreeRTOS/Source/CMSIS_RTOS/cmsis_os.o
 .debug_macro   0x00000000000174ee      0x168 Middlewares/Third_Party/FreeRTOS/Source/CMSIS_RTOS/cmsis_os.o
 .debug_macro   0x0000000000017656       0xe4 Middlewares/Third_Party/FreeRTOS/Source/CMSIS_RTOS/cmsis_os.o
 .debug_macro   0x000000000001773a       0x10 Middlewares/Third_Party/FreeRTOS/Source/CMSIS_RTOS/cmsis_os.o
 .debug_macro   0x000000000001774a       0x1f Middlewares/Third_Party/FreeRTOS/Source/CMSIS_RTOS/cmsis_os.o
 .debug_macro   0x0000000000017769      0x40f Middlewares/Third_Party/FreeRTOS/Source/CMSIS_RTOS/cmsis_os.o
 .debug_macro   0x0000000000017b78       0xc0 Middlewares/Third_Party/FreeRTOS/Source/CMSIS_RTOS/cmsis_os.o
 .debug_macro   0x0000000000017c38       0x8c Middlewares/Third_Party/FreeRTOS/Source/CMSIS_RTOS/cmsis_os.o
 .debug_macro   0x0000000000017cc4       0x91 Middlewares/Third_Party/FreeRTOS/Source/CMSIS_RTOS/cmsis_os.o
 .debug_macro   0x0000000000017d55       0x94 Middlewares/Third_Party/FreeRTOS/Source/CMSIS_RTOS/cmsis_os.o
 .debug_macro   0x0000000000017de9       0x63 Middlewares/Third_Party/FreeRTOS/Source/CMSIS_RTOS/cmsis_os.o
 .debug_macro   0x0000000000017e4c       0x19 Middlewares/Third_Party/FreeRTOS/Source/CMSIS_RTOS/cmsis_os.o
 .debug_macro   0x0000000000017e65       0xcf Middlewares/Third_Party/FreeRTOS/Source/CMSIS_RTOS/cmsis_os.o
 .debug_macro   0x0000000000017f34       0x26 Middlewares/Third_Party/FreeRTOS/Source/CMSIS_RTOS/cmsis_os.o
 .debug_macro   0x0000000000017f5a      0x17b Middlewares/Third_Party/FreeRTOS/Source/list.o
 .debug_macro   0x00000000000180d5      0x264 Middlewares/Third_Party/FreeRTOS/Source/tasks.o
 .debug_macro   0x0000000000018339       0x11 Middlewares/Third_Party/FreeRTOS/Source/tasks.o
 .debug_macro   0x000000000001834a      0x176 Middlewares/Third_Party/FreeRTOS/Source/portable/GCC/ARM_CM3/port.o
 .debug_macro   0x00000000000184c0      0x1a2 Middlewares/Third_Party/FreeRTOS/Source/portable/MemMang/heap_4.o
 .debug_macro   0x0000000000018662      0x464 Src/main.o
 .debug_macro   0x0000000000018ac6       0xd8 Src/main.o
 .debug_macro   0x0000000000018b9e      0x321 Src/stm32f1xx_hal_msp.o
 .debug_macro   0x0000000000018ebf      0x321 Src/stm32f1xx_hal_timebase_TIM.o
 .debug_macro   0x00000000000191e0      0x3df Src/stm32f1xx_it.o
 .debug_macro   0x00000000000195bf      0x327 Src/system_stm32f1xx.o
 .debug_macro   0x00000000000198e6      0x3ff Src/usb_device.o
 .debug_macro   0x0000000000019ce5      0x3e9 Src/usbd_cdc_if.o
 .debug_macro   0x000000000001a0ce      0x3e1 Src/usbd_conf.o
 .debug_macro   0x000000000001a4af      0x402 Src/usbd_desc.o

.debug_line     0x0000000000000000    0x14519
 .debug_line    0x0000000000000000      0x93c Drivers/STM32F1xx_HAL_Driver/Src/stm32f1xx_hal.o
 .debug_line    0x000000000000093c      0x954 Drivers/STM32F1xx_HAL_Driver/Src/stm32f1xx_hal_cortex.o
 .debug_line    0x0000000000001290      0x939 Drivers/STM32F1xx_HAL_Driver/Src/stm32f1xx_hal_gpio.o
 .debug_line    0x0000000000001bc9     0x19eb Drivers/STM32F1xx_HAL_Driver/Src/stm32f1xx_hal_i2c.o
 .debug_line    0x00000000000035b4      0xc69 Drivers/STM32F1xx_HAL_Driver/Src/stm32f1xx_hal_pcd.o
 .debug_line    0x000000000000421d      0x7b8 Drivers/STM32F1xx_HAL_Driver/Src/stm32f1xx_hal_pcd_ex.o
 .debug_line    0x00000000000049d5      0xa56 Drivers/STM32F1xx_HAL_Driver/Src/stm32f1xx_hal_rcc.o
 .debug_line    0x000000000000542b      0x842 Drivers/STM32F1xx_HAL_Driver/Src/stm32f1xx_hal_rcc_ex.o
 .debug_line    0x0000000000005c6d     0x1751 Drivers/STM32F1xx_HAL_Driver/Src/stm32f1xx_hal_tim.o
 .debug_line    0x00000000000073be      0xd0b Drivers/STM32F1xx_HAL_Driver/Src/stm32f1xx_hal_tim_ex.o
 .debug_line    0x00000000000080c9     0x106d Drivers/STM32F1xx_HAL_Driver/Src/stm32f1xx_hal_uart.o
 .debug_line    0x0000000000009136      0xbb3 Drivers/STM32F1xx_HAL_Driver/Src/stm32f1xx_ll_usb.o
 .debug_line    0x0000000000009ce9      0xa86 Middlewares/ST/STM32_USB_Device_Library/Class/CDC/Src/usbd_cdc.o
 .debug_line    0x000000000000a76f      0xa8a Middlewares/ST/STM32_USB_Device_Library/Core/Src/usbd_core.o
 .debug_line    0x000000000000b1f9      0xaa8 Middlewares/ST/STM32_USB_Device_Library/Core/Src/usbd_ctlreq.o
 .debug_line    0x000000000000bca1      0x90d Middlewares/ST/STM32_USB_Device_Library/Core/Src/usbd_ioreq.o
 .debug_line    0x000000000000c5ae      0xbe4 Middlewares/Third_Party/FreeRTOS/Source/CMSIS_RTOS/cmsis_os.o
 .debug_line    0x000000000000d192      0x583 Middlewares/Third_Party/FreeRTOS/Source/list.o
 .debug_line    0x000000000000d715      0xe1f Middlewares/Third_Party/FreeRTOS/Source/tasks.o
 .debug_line    0x000000000000e534      0x5ef Middlewares/Third_Party/FreeRTOS/Source/portable/GCC/ARM_CM3/port.o
 .debug_line    0x000000000000eb23      0x637 Middlewares/Third_Party/FreeRTOS/Source/portable/MemMang/heap_4.o
 .debug_line    0x000000000000f15a      0xb22 Src/main.o
 .debug_line    0x000000000000fc7c      0x81b Src/stm32f1xx_hal_msp.o
 .debug_line    0x0000000000010497      0x7b5 Src/stm32f1xx_hal_timebase_TIM.o
 .debug_line    0x0000000000010c4c      0x9eb Src/stm32f1xx_it.o
 .debug_line    0x0000000000011637      0x7b9 Src/system_stm32f1xx.o
 .debug_line    0x0000000000011df0      0x907 Src/usb_device.o
 .debug_line    0x00000000000126f7      0x938 Src/usbd_cdc_if.o
 .debug_line    0x000000000001302f      0xb77 Src/usbd_conf.o
 .debug_line    0x0000000000013ba6      0x8f6 Src/usbd_desc.o
 .debug_line    0x000000000001449c       0x7d startup/startup_stm32f103xb.o

.debug_str      0x0000000000000000    0x7fd2b
 .debug_str     0x0000000000000000    0x72aa2 Drivers/STM32F1xx_HAL_Driver/Src/stm32f1xx_hal.o
                                      0x72e80 (size before relaxing)
 .debug_str     0x0000000000072aa2      0x2d8 Drivers/STM32F1xx_HAL_Driver/Src/stm32f1xx_hal_cortex.o
                                      0x72dd5 (size before relaxing)
 .debug_str     0x0000000000072d7a      0x3a3 Drivers/STM32F1xx_HAL_Driver/Src/stm32f1xx_hal_gpio.o
                                      0x72b1c (size before relaxing)
 .debug_str     0x000000000007311d      0xe9f Drivers/STM32F1xx_HAL_Driver/Src/stm32f1xx_hal_i2c.o
                                      0x73655 (size before relaxing)
 .debug_str     0x0000000000073fbc      0x7d5 Drivers/STM32F1xx_HAL_Driver/Src/stm32f1xx_hal_pcd.o
                                      0x72f8a (size before relaxing)
 .debug_str     0x0000000000074791       0x57 Drivers/STM32F1xx_HAL_Driver/Src/stm32f1xx_hal_pcd_ex.o
                                      0x72a67 (size before relaxing)
 .debug_str     0x00000000000747e8      0x348 Drivers/STM32F1xx_HAL_Driver/Src/stm32f1xx_hal_rcc.o
                                      0x72b71 (size before relaxing)
 .debug_str     0x0000000000074b30      0x12b Drivers/STM32F1xx_HAL_Driver/Src/stm32f1xx_hal_rcc_ex.o
                                      0x728fd (size before relaxing)
 .debug_str     0x0000000000074c5b      0xf13 Drivers/STM32F1xx_HAL_Driver/Src/stm32f1xx_hal_tim.o
                                      0x73871 (size before relaxing)
 .debug_str     0x0000000000075b6e      0x4f1 Drivers/STM32F1xx_HAL_Driver/Src/stm32f1xx_hal_tim_ex.o
                                      0x73113 (size before relaxing)
 .debug_str     0x000000000007605f      0x6b9 Drivers/STM32F1xx_HAL_Driver/Src/stm32f1xx_hal_uart.o
                                      0x7308a (size before relaxing)
 .debug_str     0x0000000000076718      0x14f Drivers/STM32F1xx_HAL_Driver/Src/stm32f1xx_ll_usb.o
                                      0x72c3a (size before relaxing)
 .debug_str     0x0000000000076867     0x12a3 Middlewares/ST/STM32_USB_Device_Library/Class/CDC/Src/usbd_cdc.o
                                      0x73abd (size before relaxing)
 .debug_str     0x0000000000077b0a      0x294 Middlewares/ST/STM32_USB_Device_Library/Core/Src/usbd_core.o
                                      0x7377e (size before relaxing)
 .debug_str     0x0000000000077d9e      0x12e Middlewares/ST/STM32_USB_Device_Library/Core/Src/usbd_ctlreq.o
                                      0x73698 (size before relaxing)
 .debug_str     0x0000000000077ecc       0x51 Middlewares/ST/STM32_USB_Device_Library/Core/Src/usbd_ioreq.o
                                      0x735c5 (size before relaxing)
 .debug_str     0x0000000000077f1d     0x5cdf Middlewares/Third_Party/FreeRTOS/Source/CMSIS_RTOS/cmsis_os.o
                                       0xcaef (size before relaxing)
 .debug_str     0x000000000007dbfc      0x148 Middlewares/Third_Party/FreeRTOS/Source/list.o
                                       0x9d7f (size before relaxing)
 .debug_str     0x000000000007dd44     0x10b7 Middlewares/Third_Party/FreeRTOS/Source/tasks.o
                                       0xbe12 (size before relaxing)
 .debug_str     0x000000000007edfb      0x666 Middlewares/Third_Party/FreeRTOS/Source/portable/GCC/ARM_CM3/port.o
                                       0x7be8 (size before relaxing)
 .debug_str     0x000000000007f461      0x243 Middlewares/Third_Party/FreeRTOS/Source/portable/MemMang/heap_4.o
                                       0xa4bf (size before relaxing)
 .debug_str     0x000000000007f6a4      0x172 Src/main.o
                                      0x7967f (size before relaxing)
 .debug_str     0x000000000007f816       0x1b Src/stm32f1xx_hal_msp.o
                                      0x73106 (size before relaxing)
 .debug_str     0x000000000007f831       0x61 Src/stm32f1xx_hal_timebase_TIM.o
                                      0x72f36 (size before relaxing)
 .debug_str     0x000000000007f892       0xa9 Src/stm32f1xx_it.o
                                      0x78042 (size before relaxing)
 .debug_str     0x000000000007f93b       0x69 Src/system_stm32f1xx.o
                                      0x727c7 (size before relaxing)
 .debug_str     0x000000000007f9a4       0x3e Src/usb_device.o
                                      0x73835 (size before relaxing)
 .debug_str     0x000000000007f9e2       0xa7 Src/usbd_cdc_if.o
                                      0x73936 (size before relaxing)
 .debug_str     0x000000000007fa89       0x51 Src/usbd_conf.o
                                      0x742fe (size before relaxing)
 .debug_str     0x000000000007fada      0x221 Src/usbd_desc.o
                                      0x7345e (size before relaxing)
 .debug_str     0x000000000007fcfb       0x30 startup/startup_stm32f103xb.o
                                         0x5a (size before relaxing)

.comment        0x0000000000000000       0x7e